{
    "Should detect the same UMIs - long adapter": {
        "content": [
            {
                "0": [
                    [
                        "barcode02",
                        "raw",
                        "extracted_umis_barcode02_1.fastq:md5,d41d8cd98f00b204e9800998ecf8427e"
                    ],
                    [
                        "barcode03",
                        "raw",
                        "extracted_umis_barcode03_2.fastq:md5,d41d8cd98f00b204e9800998ecf8427e"
                    ],
                    [
                        "barcode04",
                        "raw",
                        "extracted_umis_barcode04_3.fastq:md5,d41d8cd98f00b204e9800998ecf8427e"
                    ],
                    [
                        "barcode05",
                        "raw",
                        "extracted_umis_barcode05_4.fastq:md5,d41d8cd98f00b204e9800998ecf8427e"
                    ]
                ],
                "1": [
                    "extracted_umis_barcode02_1.tsv:md5,ad5e1bbeb6edb594841e6cfd3172d20c",
                    "extracted_umis_barcode03_2.tsv:md5,1d7cb5b915aa09b2dc37531f66222a45",
                    "extracted_umis_barcode04_3.tsv:md5,fb3a528714e818653113163369c6dcf8",
                    "extracted_umis_barcode05_4.tsv:md5,0dba9d0ed906743cc8150b8bea054b35"
                ],
                "umi_extract_fastq": [
                    [
                        "barcode02",
                        "raw",
                        "extracted_umis_barcode02_1.fastq:md5,d41d8cd98f00b204e9800998ecf8427e"
                    ],
                    [
                        "barcode03",
                        "raw",
                        "extracted_umis_barcode03_2.fastq:md5,d41d8cd98f00b204e9800998ecf8427e"
                    ],
                    [
                        "barcode04",
                        "raw",
                        "extracted_umis_barcode04_3.fastq:md5,d41d8cd98f00b204e9800998ecf8427e"
                    ],
                    [
                        "barcode05",
                        "raw",
                        "extracted_umis_barcode05_4.fastq:md5,d41d8cd98f00b204e9800998ecf8427e"
                    ]
                ]
            }
        ],
        "meta": {
            "nf-test": "0.9.0-rc2",
            "nextflow": "24.10.0"
        },
        "timestamp": "2025-02-18T16:16:00.17997"
    },
    "Should detect the same UMIs - short adapter": {
        "content": [
            {
                "0": [
                    [
                        "barcode02",
                        "raw",
                        "extracted_umis_barcode02_1.fastq:md5,d41d8cd98f00b204e9800998ecf8427e"
                    ],
                    [
                        "barcode03",
                        "raw",
                        "extracted_umis_barcode03_2.fastq:md5,d41d8cd98f00b204e9800998ecf8427e"
                    ],
                    [
                        "barcode04",
                        "raw",
                        "extracted_umis_barcode04_3.fastq:md5,d41d8cd98f00b204e9800998ecf8427e"
                    ],
                    [
                        "barcode05",
                        "raw",
                        "extracted_umis_barcode05_4.fastq:md5,d41d8cd98f00b204e9800998ecf8427e"
                    ]
                ],
                "1": [
                    "extracted_umis_barcode02_1.tsv:md5,ad5e1bbeb6edb594841e6cfd3172d20c",
                    "extracted_umis_barcode03_2.tsv:md5,1d7cb5b915aa09b2dc37531f66222a45",
                    "extracted_umis_barcode04_3.tsv:md5,fb3a528714e818653113163369c6dcf8",
                    "extracted_umis_barcode05_4.tsv:md5,0dba9d0ed906743cc8150b8bea054b35"
                ],
                "umi_extract_fastq": [
                    [
                        "barcode02",
                        "raw",
                        "extracted_umis_barcode02_1.fastq:md5,d41d8cd98f00b204e9800998ecf8427e"
                    ],
                    [
                        "barcode03",
                        "raw",
                        "extracted_umis_barcode03_2.fastq:md5,d41d8cd98f00b204e9800998ecf8427e"
                    ],
                    [
                        "barcode04",
                        "raw",
                        "extracted_umis_barcode04_3.fastq:md5,d41d8cd98f00b204e9800998ecf8427e"
                    ],
                    [
                        "barcode05",
                        "raw",
                        "extracted_umis_barcode05_4.fastq:md5,d41d8cd98f00b204e9800998ecf8427e"
                    ]
                ]
            }
        ],
        "meta": {
            "nf-test": "0.9.0-rc2",
            "nextflow": "24.10.0"
        },
        "timestamp": "2025-02-18T16:15:47.104885"
    },
    "Should output empty file": {
        "content": [
            {
                "0": [
                    [
                        "barcode02",
                        "raw",
                        "extracted_umis_barcode02_1.fastq:md5,d41d8cd98f00b204e9800998ecf8427e"
                    ]
                ],
                "1": [
                    "extracted_umis_barcode02_1.tsv:md5,ad5e1bbeb6edb594841e6cfd3172d20c"
                ],
                "umi_extract_fastq": [
                    [
                        "barcode02",
                        "raw",
                        "extracted_umis_barcode02_1.fastq:md5,d41d8cd98f00b204e9800998ecf8427e"
                    ]
                ]
            }
        ],
        "meta": {
            "nf-test": "0.9.0-rc2",
            "nextflow": "24.10.0"
        },
        "timestamp": "2025-02-18T16:16:09.145229"
    },
    "Should not find any UMI": {
        "content": [
            {
                "0": [
                    [
                        "barcode02",
                        "raw",
                        "extracted_umis_barcode02_1.fastq:md5,d41d8cd98f00b204e9800998ecf8427e"
                    ],
                    [
                        "barcode03",
                        "raw",
                        "extracted_umis_barcode03_2.fastq:md5,d41d8cd98f00b204e9800998ecf8427e"
                    ],
                    [
                        "barcode04",
                        "raw",
                        "extracted_umis_barcode04_3.fastq:md5,d41d8cd98f00b204e9800998ecf8427e"
                    ],
                    [
                        "barcode05",
                        "raw",
                        "extracted_umis_barcode05_4.fastq:md5,d41d8cd98f00b204e9800998ecf8427e"
                    ]
                ],
                "1": [
                    "extracted_umis_barcode02_1.tsv:md5,ad5e1bbeb6edb594841e6cfd3172d20c",
                    "extracted_umis_barcode03_2.tsv:md5,1d7cb5b915aa09b2dc37531f66222a45",
                    "extracted_umis_barcode04_3.tsv:md5,fb3a528714e818653113163369c6dcf8",
                    "extracted_umis_barcode05_4.tsv:md5,0dba9d0ed906743cc8150b8bea054b35"
                ],
                "umi_extract_fastq": [
                    [
                        "barcode02",
                        "raw",
                        "extracted_umis_barcode02_1.fastq:md5,d41d8cd98f00b204e9800998ecf8427e"
                    ],
                    [
                        "barcode03",
                        "raw",
                        "extracted_umis_barcode03_2.fastq:md5,d41d8cd98f00b204e9800998ecf8427e"
                    ],
                    [
                        "barcode04",
                        "raw",
                        "extracted_umis_barcode04_3.fastq:md5,d41d8cd98f00b204e9800998ecf8427e"
                    ],
                    [
                        "barcode05",
                        "raw",
                        "extracted_umis_barcode05_4.fastq:md5,d41d8cd98f00b204e9800998ecf8427e"
                    ]
                ]
            }
        ],
        "meta": {
            "nf-test": "0.9.0-rc2",
            "nextflow": "24.10.0"
        },
        "timestamp": "2025-02-18T16:16:22.586343"
    },
    "Should run without failures": {
        "content": [
            {
                "0": [
                    [
                        "barcode02",
                        "raw",
                        "extracted_umis_barcode02_1.fastq:md5,d41d8cd98f00b204e9800998ecf8427e"
                    ],
                    [
                        "barcode03",
                        "raw",
                        "extracted_umis_barcode03_2.fastq:md5,d41d8cd98f00b204e9800998ecf8427e"
                    ],
                    [
                        "barcode04",
                        "raw",
                        "extracted_umis_barcode04_3.fastq:md5,d41d8cd98f00b204e9800998ecf8427e"
                    ],
                    [
                        "barcode05",
                        "raw",
                        "extracted_umis_barcode05_4.fastq:md5,d41d8cd98f00b204e9800998ecf8427e"
                    ]
                ],
                "1": [
                    "extracted_umis_barcode02_1.tsv:md5,ad5e1bbeb6edb594841e6cfd3172d20c",
                    "extracted_umis_barcode03_2.tsv:md5,1d7cb5b915aa09b2dc37531f66222a45",
                    "extracted_umis_barcode04_3.tsv:md5,fb3a528714e818653113163369c6dcf8",
                    "extracted_umis_barcode05_4.tsv:md5,0dba9d0ed906743cc8150b8bea054b35"
                ],
                "umi_extract_fastq": [
                    [
                        "barcode02",
                        "raw",
                        "extracted_umis_barcode02_1.fastq:md5,d41d8cd98f00b204e9800998ecf8427e"
                    ],
                    [
                        "barcode03",
                        "raw",
                        "extracted_umis_barcode03_2.fastq:md5,d41d8cd98f00b204e9800998ecf8427e"
                    ],
                    [
                        "barcode04",
                        "raw",
                        "extracted_umis_barcode04_3.fastq:md5,d41d8cd98f00b204e9800998ecf8427e"
                    ],
                    [
                        "barcode05",
                        "raw",
                        "extracted_umis_barcode05_4.fastq:md5,d41d8cd98f00b204e9800998ecf8427e"
                    ]
                ]
            }
        ],
        "meta": {
            "nf-test": "0.9.0-rc2",
            "nextflow": "24.10.0"
        },
        "timestamp": "2025-02-18T16:15:32.83367"
    }
}