{
    "Should output three files": {
        "content": [
            {
                "0": [
                    "final.vcf:md5,bf6dfb83c6e0762789976816b72af4e6",
                    "final.vcf:md5,c15c281e18b741734eb928f7112a02a4",
                    "final.vcf:md5,c9eb084d495bd1facf2a9049cb439c86"
                ],
                "variants": [
                    "final.vcf:md5,bf6dfb83c6e0762789976816b72af4e6",
                    "final.vcf:md5,c15c281e18b741734eb928f7112a02a4",
                    "final.vcf:md5,c9eb084d495bd1facf2a9049cb439c86"
                ]
            }
        ],
        "meta": {
            "nf-test": "0.8.4",
            "nextflow": "23.10.0"
        },
        "timestamp": "2024-06-18T12:20:32.632422"
    },
    "Should run without failures": {
        "content": [
            {
                "0": [
                    "final.vcf:md5,c9eb084d495bd1facf2a9049cb439c86"
                ],
                "variants": [
                    "final.vcf:md5,c9eb084d495bd1facf2a9049cb439c86"
                ]
            }
        ],
        "meta": {
            "nf-test": "0.8.4",
            "nextflow": "23.10.0"
        },
        "timestamp": "2024-06-18T12:20:22.431414"
    }
}