{
    "Should output three files": {
        "content": [
            {
                "0": [
                    "final.vcf:md5,88efc7556e75a4896acb25af4fd891ea",
                    "final.vcf:md5,8d2f225076db263df46ea74c3444d8a1",
                    "final.vcf:md5,c1ef037ccb4f791326fda68ef02ab497"
                ],
                "variants": [
                    "final.vcf:md5,88efc7556e75a4896acb25af4fd891ea",
                    "final.vcf:md5,8d2f225076db263df46ea74c3444d8a1",
                    "final.vcf:md5,c1ef037ccb4f791326fda68ef02ab497"
                ]
            }
        ],
        "meta": {
            "nf-test": "0.8.4",
            "nextflow": "23.10.0"
        },
        "timestamp": "2024-03-11T12:43:44.072561"
    },
    "Should run without failures": {
        "content": [
            {
                "0": [
                    "final.vcf:md5,c1ef037ccb4f791326fda68ef02ab497"
                ],
                "variants": [
                    "final.vcf:md5,c1ef037ccb4f791326fda68ef02ab497"
                ]
            }
        ],
        "meta": {
            "nf-test": "0.8.4",
            "nextflow": "23.10.0"
        },
        "timestamp": "2024-03-11T12:43:32.975611"
    }
}