{
    "Should output three files": {
        "content": [
            {
                "0": [
                    "final.vcf:md5,1834d639e6fd638fb43dc15430b2c507",
                    "final.vcf:md5,527bcb8a79c99a9cf4deb47b54b0d068",
                    "final.vcf:md5,7d03b1b5af994b65dce89c71f09771b3"
                ],
                "variants": [
                    "final.vcf:md5,1834d639e6fd638fb43dc15430b2c507",
                    "final.vcf:md5,527bcb8a79c99a9cf4deb47b54b0d068",
                    "final.vcf:md5,7d03b1b5af994b65dce89c71f09771b3"
                ]
            }
        ],
        "meta": {
            "nf-test": "0.8.4",
            "nextflow": "23.10.0"
        },
        "timestamp": "2024-03-11T15:08:10.610508"
    },
    "Should run without failures": {
        "content": [
            {
                "0": [
                    "final.vcf:md5,1834d639e6fd638fb43dc15430b2c507"
                ],
                "variants": [
                    "final.vcf:md5,1834d639e6fd638fb43dc15430b2c507"
                ]
            }
        ],
        "meta": {
            "nf-test": "0.8.4",
            "nextflow": "23.10.0"
        },
        "timestamp": "2024-03-11T15:07:59.738964"
    }
}