{
    "Should output three files": {
        "content": [
            {
                "0": [
                    "final.vcf:md5,13437d43022bd6b7a171daed88c010c4",
                    "final.vcf:md5,1b57a477112f541443d246db37138216",
                    "final.vcf:md5,810ba2f38eb3bda15699654945daa21a"
                ],
                "variants": [
                    "final.vcf:md5,13437d43022bd6b7a171daed88c010c4",
                    "final.vcf:md5,1b57a477112f541443d246db37138216",
                    "final.vcf:md5,810ba2f38eb3bda15699654945daa21a"
                ]
            }
        ],
        "meta": {
            "nf-test": "0.8.4",
            "nextflow": "23.10.0"
        },
        "timestamp": "2024-06-18T12:20:15.213263"
    },
    "Should run without failures": {
        "content": [
            {
                "0": [
                    "final.vcf:md5,13437d43022bd6b7a171daed88c010c4"
                ],
                "variants": [
                    "final.vcf:md5,13437d43022bd6b7a171daed88c010c4"
                ]
            }
        ],
        "meta": {
            "nf-test": "0.8.4",
            "nextflow": "23.10.0"
        },
        "timestamp": "2024-06-18T12:20:05.981639"
    }
}