{
    "Maps raw reads and should run with success": {
        "content": null,
        "meta": {
            "nf-test": "0.9.0-rc2",
            "nextflow": "24.05.0"
        },
        "timestamp": "2024-06-20T15:14:00.481095"
    },
    "Maps consensus reads and should run with success": {
        "content": null,
        "meta": {
            "nf-test": "0.9.0-rc2",
            "nextflow": "24.05.0"
        },
        "timestamp": "2024-06-20T15:36:33.416682"
    },
    "Maps final consensus reads and should run with success": {
        "content": null,
        "meta": {
            "nf-test": "0.9.0-rc2",
            "nextflow": "24.05.0"
        },
        "timestamp": "2024-06-20T15:36:44.226869"
    }
}