{
    "Should run without failures": {
        "content": [
            {
                "0": [
                    [
                        "barcode03",
                        "raw",
                        "smolecule0sub0_consensus.fastq:md5,85c055b607a0ae893d1e8d2c0fe298af"
                    ],
                    [
                        "barcode03",
                        "raw",
                        "smolecule1sub0_consensus.fastq:md5,0390b95558912435618e9a0569280a8f"
                    ],
                    [
                        "barcode03",
                        "raw",
                        "smolecule2sub0_consensus.fastq:md5,0ef3b301741224bf4aad61b61d6eb7c2"
                    ],
                    [
                        "barcode03",
                        "raw",
                        "smolecule3sub0_consensus.fastq:md5,7f4723552bfdd42432b6fb52d4483f56"
                    ],
                    [
                        "barcode03",
                        "raw",
                        "smolecule4sub0_consensus.fastq:md5,813d3d07a2fe5a8ca343f758831208fd"
                    ],
                    [
                        "barcode03",
                        "raw",
                        "smolecule5sub0_consensus.fastq:md5,3b72bf249e00402e6b78910ac50cd90c"
                    ],
                    [
                        "barcode04",
                        "raw",
                        "smolecule0sub0_consensus.fastq:md5,f17be012ddb9d4f29901cc32fb322aaa"
                    ],
                    [
                        "barcode04",
                        "raw",
                        "smolecule1sub0_consensus.fastq:md5,ca4938fd91ca380538cd84264577c03b"
                    ],
                    [
                        "barcode04",
                        "raw",
                        "smolecule2sub0_consensus.fastq:md5,8a36b1d569dadfb78a4b50e4417f1d52"
                    ],
                    [
                        "barcode04",
                        "raw",
                        "smolecule3sub0_consensus.fastq:md5,c685c4676c25dd1b48a0734984376b0c"
                    ],
                    [
                        "barcode04",
                        "raw",
                        "smolecule4sub0_consensus.fastq:md5,294e15ca0e9d5a2e3708e88cced55e7c"
                    ],
                    [
                        "barcode04",
                        "raw",
                        "smolecule5sub0_consensus.fastq:md5,68f64fa2851c4739c5b3f134430a6ca2"
                    ],
                    [
                        "barcode05",
                        "raw",
                        "smolecule0sub0_consensus.fastq:md5,85c055b607a0ae893d1e8d2c0fe298af"
                    ],
                    [
                        "barcode05",
                        "raw",
                        "smolecule10sub0_consensus.fastq:md5,50a974f20f8a3f4b7fe1cbce51792b34"
                    ],
                    [
                        "barcode05",
                        "raw",
                        "smolecule11sub0_consensus.fastq:md5,f7e5643d246b7eca963f00b15f0b43e2"
                    ],
                    [
                        "barcode05",
                        "raw",
                        "smolecule1sub0_consensus.fastq:md5,29e295a2381fab938e3f4f745f0cf228"
                    ],
                    [
                        "barcode05",
                        "raw",
                        "smolecule2sub0_consensus.fastq:md5,1f45048e1ec557b632ae71e2a6b2dfc7"
                    ],
                    [
                        "barcode05",
                        "raw",
                        "smolecule3sub0_consensus.fastq:md5,0d696bc1323e65539b67d88793cdb5af"
                    ],
                    [
                        "barcode05",
                        "raw",
                        "smolecule4sub0_consensus.fastq:md5,923ee827fc8b88cd58afb305d19cf0ad"
                    ],
                    [
                        "barcode05",
                        "raw",
                        "smolecule5sub0_consensus.fastq:md5,0253f0d9d08498372fdd11a9917b3315"
                    ],
                    [
                        "barcode05",
                        "raw",
                        "smolecule6sub0_consensus.fastq:md5,3994a65a83144473bdc65c8aa2c211be"
                    ],
                    [
                        "barcode05",
                        "raw",
                        "smolecule7sub0_consensus.fastq:md5,97dd3f98778b3e4d4dd63dc18683af6c"
                    ],
                    [
                        "barcode05",
                        "raw",
                        "smolecule8sub0_consensus.fastq:md5,10863a74f83c967093efdc8939e1a626"
                    ],
                    [
                        "barcode05",
                        "raw",
                        "smolecule9sub0_consensus.fastq:md5,7d33c9a6f3fdd1d96521a28710f27acf"
                    ],
                    [
                        "barcode06",
                        "raw",
                        "smolecule697sub0_consensus.fastq:md5,a6ab25dd5495ffb767ecfde466508f5a"
                    ],
                    [
                        "barcode07",
                        "raw",
                        "smolecule101sub0_consensus.fastq:md5,4181c3a324659ee638f76025d59b2462"
                    ],
                    [
                        "barcode07",
                        "raw",
                        "smolecule106sub0_consensus.fastq:md5,e8e5ede5883ca3d1ef165e3dbde54637"
                    ],
                    [
                        "barcode07",
                        "raw",
                        "smolecule107sub0_consensus.fastq:md5,9fd7d556f4663e5bd7be9615a034bb37"
                    ],
                    [
                        "barcode07",
                        "raw",
                        "smolecule109sub0_consensus.fastq:md5,50c0c2d59e7f1d65b54d37996e059ae3"
                    ],
                    [
                        "barcode07",
                        "raw",
                        "smolecule10sub0_consensus.fastq:md5,c68fbb62fd9d78a89e433dbd17f52be0"
                    ],
                    [
                        "barcode07",
                        "raw",
                        "smolecule113sub0_consensus.fastq:md5,a46b958f38569c29a55ec5e715bbf963"
                    ],
                    [
                        "barcode07",
                        "raw",
                        "smolecule116sub0_consensus.fastq:md5,511003cb6dd833f2528784315d9392cc"
                    ],
                    [
                        "barcode07",
                        "raw",
                        "smolecule116sub1_consensus.fastq:md5,9bfce1d635f111d6967441054e828c57"
                    ],
                    [
                        "barcode07",
                        "raw",
                        "smolecule117sub0_consensus.fastq:md5,07fd23ca9b918030111b5af2277b65ca"
                    ],
                    [
                        "barcode07",
                        "raw",
                        "smolecule119sub0_consensus.fastq:md5,805db200db813799ecbb3da7c0f84d29"
                    ],
                    [
                        "barcode07",
                        "raw",
                        "smolecule124sub1_consensus.fastq:md5,5a360f2ec6e0c37aadf0d6faa53bd9ea"
                    ],
                    [
                        "barcode07",
                        "raw",
                        "smolecule129sub1_consensus.fastq:md5,e470be349111e96077891ea1e4eea376"
                    ],
                    [
                        "barcode07",
                        "raw",
                        "smolecule12sub2_consensus.fastq:md5,9c2d4270dcddcf363834416ffde1566d"
                    ],
                    [
                        "barcode07",
                        "raw",
                        "smolecule132sub0_consensus.fastq:md5,6dd2310e60ad61258b8b5d43e4cc30c4"
                    ],
                    [
                        "barcode07",
                        "raw",
                        "smolecule133sub0_consensus.fastq:md5,5766785b2e6dab648c7fd40c82eb596e"
                    ],
                    [
                        "barcode07",
                        "raw",
                        "smolecule137sub0_consensus.fastq:md5,a44be9ab8baac61eb17f855d1c6f02e3"
                    ],
                    [
                        "barcode07",
                        "raw",
                        "smolecule13sub0_consensus.fastq:md5,bd5f48cc95f8686877d1cd778edd0ab6"
                    ],
                    [
                        "barcode07",
                        "raw",
                        "smolecule141sub0_consensus.fastq:md5,5c6f09a294f2b184755b8afc916c6b0f"
                    ],
                    [
                        "barcode07",
                        "raw",
                        "smolecule145sub0_consensus.fastq:md5,51a1c865759c1ae082f8bc86eb37faba"
                    ],
                    [
                        "barcode07",
                        "raw",
                        "smolecule149sub0_consensus.fastq:md5,787f32d94ce04ffba3d43e9e58a40f63"
                    ],
                    [
                        "barcode07",
                        "raw",
                        "smolecule14sub0_consensus.fastq:md5,19450c65845598b6920b95fdea6cac8c"
                    ],
                    [
                        "barcode07",
                        "raw",
                        "smolecule153sub1_consensus.fastq:md5,fbba202fb0cac609004a4a6201ce1685"
                    ],
                    [
                        "barcode07",
                        "raw",
                        "smolecule155sub1_consensus.fastq:md5,2818f7f21da18a4fde960a8e0a97e8de"
                    ],
                    [
                        "barcode07",
                        "raw",
                        "smolecule157sub0_consensus.fastq:md5,8da41e0dbcbd7aff9e76ca8d48e2c101"
                    ],
                    [
                        "barcode07",
                        "raw",
                        "smolecule162sub0_consensus.fastq:md5,c545408b3ef713aee9ac3875ca561ecb"
                    ],
                    [
                        "barcode07",
                        "raw",
                        "smolecule165sub0_consensus.fastq:md5,414839276052ebdfa0e418923098a4ff"
                    ],
                    [
                        "barcode07",
                        "raw",
                        "smolecule167sub1_consensus.fastq:md5,8708548dc7cfb856a1dea83aeac04aed"
                    ],
                    [
                        "barcode07",
                        "raw",
                        "smolecule170sub0_consensus.fastq:md5,019e031a59d03b9ec4866dd367bb14de"
                    ],
                    [
                        "barcode07",
                        "raw",
                        "smolecule173sub0_consensus.fastq:md5,a652fa4efae097c0c3a116e4808c2eb0"
                    ],
                    [
                        "barcode07",
                        "raw",
                        "smolecule17sub0_consensus.fastq:md5,054c5c1ba380daa8a65ad94f076fa743"
                    ],
                    [
                        "barcode07",
                        "raw",
                        "smolecule183sub0_consensus.fastq:md5,cf42e2e9f09524f9bb16fa36c5e18467"
                    ],
                    [
                        "barcode07",
                        "raw",
                        "smolecule192sub0_consensus.fastq:md5,46fef762ee4e123998793f3fe5c6e578"
                    ],
                    [
                        "barcode07",
                        "raw",
                        "smolecule196sub0_consensus.fastq:md5,4a5b15a3f5789acd61c6cffd1d4debca"
                    ],
                    [
                        "barcode07",
                        "raw",
                        "smolecule209sub0_consensus.fastq:md5,169d5844046d9514f5140f620f63e1bf"
                    ],
                    [
                        "barcode07",
                        "raw",
                        "smolecule215sub0_consensus.fastq:md5,cd6e43b24a11112cf6eba4da106fc97f"
                    ],
                    [
                        "barcode07",
                        "raw",
                        "smolecule217sub0_consensus.fastq:md5,9a28ff0111fe666cd7d3650f7e120228"
                    ],
                    [
                        "barcode07",
                        "raw",
                        "smolecule220sub0_consensus.fastq:md5,04c50574403a22d1a186b8c9b7b472db"
                    ],
                    [
                        "barcode07",
                        "raw",
                        "smolecule222sub0_consensus.fastq:md5,b755ca50c4ac13819c9cd978d1819a99"
                    ],
                    [
                        "barcode07",
                        "raw",
                        "smolecule225sub0_consensus.fastq:md5,5ee400e73b447868104900b1d92a49e4"
                    ],
                    [
                        "barcode07",
                        "raw",
                        "smolecule243sub0_consensus.fastq:md5,625403f2dac08f426e7ebf1ca54e24f5"
                    ],
                    [
                        "barcode07",
                        "raw",
                        "smolecule244sub0_consensus.fastq:md5,e17b21ae80b74127062285c714918073"
                    ],
                    [
                        "barcode07",
                        "raw",
                        "smolecule247sub0_consensus.fastq:md5,25a441d967ef09cf0c059c3cf230d082"
                    ],
                    [
                        "barcode07",
                        "raw",
                        "smolecule249sub0_consensus.fastq:md5,28918a43d1bf78ae8bfbf22781ef0e8d"
                    ],
                    [
                        "barcode07",
                        "raw",
                        "smolecule24sub1_consensus.fastq:md5,9fdacdc132733c842bc0134d49a2a73d"
                    ],
                    [
                        "barcode07",
                        "raw",
                        "smolecule263sub0_consensus.fastq:md5,22895f70bc5e72eb75cd618229663c81"
                    ],
                    [
                        "barcode07",
                        "raw",
                        "smolecule269sub0_consensus.fastq:md5,2be645d02dd5d16b7902cd47b2bc4bcb"
                    ],
                    [
                        "barcode07",
                        "raw",
                        "smolecule26sub0_consensus.fastq:md5,3c7f515036476196274d00f62a6689ff"
                    ],
                    [
                        "barcode07",
                        "raw",
                        "smolecule27sub0_consensus.fastq:md5,09c2651dff69aaf1feaa84f6a32afcdd"
                    ],
                    [
                        "barcode07",
                        "raw",
                        "smolecule313sub0_consensus.fastq:md5,fc34807fa7ac4665cb686ed737d927c6"
                    ],
                    [
                        "barcode07",
                        "raw",
                        "smolecule31sub1_consensus.fastq:md5,32bfe1be087f4c8398b7f4edbed5c299"
                    ],
                    [
                        "barcode07",
                        "raw",
                        "smolecule32sub0_consensus.fastq:md5,d7394bc789c99795edf6a02759503a48"
                    ],
                    [
                        "barcode07",
                        "raw",
                        "smolecule348sub0_consensus.fastq:md5,7f80ef6ca515daa74bdbdf8c5b8436b0"
                    ],
                    [
                        "barcode07",
                        "raw",
                        "smolecule34sub0_consensus.fastq:md5,41f3701bc20bd159aebeaa717e7079e4"
                    ],
                    [
                        "barcode07",
                        "raw",
                        "smolecule37sub0_consensus.fastq:md5,2f655c88368d8b67d14e335d2d93ab1e"
                    ],
                    [
                        "barcode07",
                        "raw",
                        "smolecule38sub1_consensus.fastq:md5,46134fe354a40817dd0ad9cecb16c917"
                    ],
                    [
                        "barcode07",
                        "raw",
                        "smolecule39sub0_consensus.fastq:md5,008ddde51e4d1ab3a5717f0aa2ecff47"
                    ],
                    [
                        "barcode07",
                        "raw",
                        "smolecule40sub1_consensus.fastq:md5,cab9ee99951f20b4e359b17c97d7cbba"
                    ],
                    [
                        "barcode07",
                        "raw",
                        "smolecule42sub1_consensus.fastq:md5,d27b9df537c293b8fcef35e360892d08"
                    ],
                    [
                        "barcode07",
                        "raw",
                        "smolecule44sub0_consensus.fastq:md5,bf882a6caee2c0da2ceefccb79821d0d"
                    ],
                    [
                        "barcode07",
                        "raw",
                        "smolecule45sub1_consensus.fastq:md5,28838d0f5014a6d48182b6fbc7648682"
                    ],
                    [
                        "barcode07",
                        "raw",
                        "smolecule46sub1_consensus.fastq:md5,569e5d8019d6088672525869828739e8"
                    ],
                    [
                        "barcode07",
                        "raw",
                        "smolecule497sub1_consensus.fastq:md5,898fa726bc5bf77a7ed62b3a3f19881b"
                    ],
                    [
                        "barcode07",
                        "raw",
                        "smolecule49sub0_consensus.fastq:md5,8799a91fbbb8d4a016472dc49d12654c"
                    ],
                    [
                        "barcode07",
                        "raw",
                        "smolecule4sub1_consensus.fastq:md5,8207a1fb200c4ccc9100e578c679968d"
                    ],
                    [
                        "barcode07",
                        "raw",
                        "smolecule50sub0_consensus.fastq:md5,8940dfdbb43471fb4bc52ed8ad09ffa6"
                    ],
                    [
                        "barcode07",
                        "raw",
                        "smolecule51sub0_consensus.fastq:md5,7a04caa0b0d2762f0f99cbaed6725698"
                    ],
                    [
                        "barcode07",
                        "raw",
                        "smolecule52sub1_consensus.fastq:md5,33957428f3ddd5bbb9db96099d6b2c10"
                    ],
                    [
                        "barcode07",
                        "raw",
                        "smolecule53sub0_consensus.fastq:md5,f152fe2a618f8843916bf52f5cde5ff8"
                    ],
                    [
                        "barcode07",
                        "raw",
                        "smolecule54sub1_consensus.fastq:md5,def604ae43d716f0382ef923b13c26b5"
                    ],
                    [
                        "barcode07",
                        "raw",
                        "smolecule56sub0_consensus.fastq:md5,2f3eea6c003a4dc3e6ea692720d0c444"
                    ],
                    [
                        "barcode07",
                        "raw",
                        "smolecule57sub0_consensus.fastq:md5,1d6def5c26e9232ea49526748b0e4f9e"
                    ],
                    [
                        "barcode07",
                        "raw",
                        "smolecule5sub1_consensus.fastq:md5,2a84bd4895e01d284a4507dc63c85e42"
                    ],
                    [
                        "barcode07",
                        "raw",
                        "smolecule60sub0_consensus.fastq:md5,2eef3b3bc2aa00c5baa8aa7477a6271d"
                    ],
                    [
                        "barcode07",
                        "raw",
                        "smolecule61sub0_consensus.fastq:md5,4ea8937e5d621409a2983f945a6a186e"
                    ],
                    [
                        "barcode07",
                        "raw",
                        "smolecule62sub0_consensus.fastq:md5,8d53046aec2deb3926c76ddc0b8df3ba"
                    ],
                    [
                        "barcode07",
                        "raw",
                        "smolecule63sub0_consensus.fastq:md5,6874de4528d5b42cc518f6190d0fee6e"
                    ],
                    [
                        "barcode07",
                        "raw",
                        "smolecule67sub0_consensus.fastq:md5,189858435a49fced49fb985a0f35c9e7"
                    ],
                    [
                        "barcode07",
                        "raw",
                        "smolecule6sub2_consensus.fastq:md5,6e8507644d1b20ee2d9c34b66ca00a65"
                    ],
                    [
                        "barcode07",
                        "raw",
                        "smolecule73sub0_consensus.fastq:md5,c98c2221c5ac87ccc880fd2174809297"
                    ],
                    [
                        "barcode07",
                        "raw",
                        "smolecule74sub0_consensus.fastq:md5,816616d679b5a6112d65b55e21f88adb"
                    ],
                    [
                        "barcode07",
                        "raw",
                        "smolecule77sub0_consensus.fastq:md5,7f018bcc964c4d4776c8366a3b010746"
                    ],
                    [
                        "barcode07",
                        "raw",
                        "smolecule79sub1_consensus.fastq:md5,ab9f8623217cfe3abbc91c37a32d5c76"
                    ],
                    [
                        "barcode07",
                        "raw",
                        "smolecule84sub0_consensus.fastq:md5,ad9e24dc14b18c0bffb01fa39a99289c"
                    ],
                    [
                        "barcode07",
                        "raw",
                        "smolecule87sub0_consensus.fastq:md5,68fbea03ea8df614287dbceb5f94d5f0"
                    ],
                    [
                        "barcode07",
                        "raw",
                        "smolecule89sub0_consensus.fastq:md5,aaa1a5a1ff7205743138c354b40d0c31"
                    ],
                    [
                        "barcode07",
                        "raw",
                        "smolecule95sub0_consensus.fastq:md5,4e5376307200d9c1b3fa6a6af8ea55e3"
                    ],
                    [
                        "barcode07",
                        "raw",
                        "smolecule98sub0_consensus.fastq:md5,90a3251ec19e37d7e35b88c2d98bbcdf"
                    ],
                    [
                        "barcode07",
                        "raw",
                        "smolecule9sub0_consensus.fastq:md5,b2e992f6736fc0304e76f951d4353f0d"
                    ]
                ],
                "consensus_fastq": [
                    [
                        "barcode03",
                        "raw",
                        "smolecule0sub0_consensus.fastq:md5,85c055b607a0ae893d1e8d2c0fe298af"
                    ],
                    [
                        "barcode03",
                        "raw",
                        "smolecule1sub0_consensus.fastq:md5,0390b95558912435618e9a0569280a8f"
                    ],
                    [
                        "barcode03",
                        "raw",
                        "smolecule2sub0_consensus.fastq:md5,0ef3b301741224bf4aad61b61d6eb7c2"
                    ],
                    [
                        "barcode03",
                        "raw",
                        "smolecule3sub0_consensus.fastq:md5,7f4723552bfdd42432b6fb52d4483f56"
                    ],
                    [
                        "barcode03",
                        "raw",
                        "smolecule4sub0_consensus.fastq:md5,813d3d07a2fe5a8ca343f758831208fd"
                    ],
                    [
                        "barcode03",
                        "raw",
                        "smolecule5sub0_consensus.fastq:md5,3b72bf249e00402e6b78910ac50cd90c"
                    ],
                    [
                        "barcode04",
                        "raw",
                        "smolecule0sub0_consensus.fastq:md5,f17be012ddb9d4f29901cc32fb322aaa"
                    ],
                    [
                        "barcode04",
                        "raw",
                        "smolecule1sub0_consensus.fastq:md5,ca4938fd91ca380538cd84264577c03b"
                    ],
                    [
                        "barcode04",
                        "raw",
                        "smolecule2sub0_consensus.fastq:md5,8a36b1d569dadfb78a4b50e4417f1d52"
                    ],
                    [
                        "barcode04",
                        "raw",
                        "smolecule3sub0_consensus.fastq:md5,c685c4676c25dd1b48a0734984376b0c"
                    ],
                    [
                        "barcode04",
                        "raw",
                        "smolecule4sub0_consensus.fastq:md5,294e15ca0e9d5a2e3708e88cced55e7c"
                    ],
                    [
                        "barcode04",
                        "raw",
                        "smolecule5sub0_consensus.fastq:md5,68f64fa2851c4739c5b3f134430a6ca2"
                    ],
                    [
                        "barcode05",
                        "raw",
                        "smolecule0sub0_consensus.fastq:md5,85c055b607a0ae893d1e8d2c0fe298af"
                    ],
                    [
                        "barcode05",
                        "raw",
                        "smolecule10sub0_consensus.fastq:md5,50a974f20f8a3f4b7fe1cbce51792b34"
                    ],
                    [
                        "barcode05",
                        "raw",
                        "smolecule11sub0_consensus.fastq:md5,f7e5643d246b7eca963f00b15f0b43e2"
                    ],
                    [
                        "barcode05",
                        "raw",
                        "smolecule1sub0_consensus.fastq:md5,29e295a2381fab938e3f4f745f0cf228"
                    ],
                    [
                        "barcode05",
                        "raw",
                        "smolecule2sub0_consensus.fastq:md5,1f45048e1ec557b632ae71e2a6b2dfc7"
                    ],
                    [
                        "barcode05",
                        "raw",
                        "smolecule3sub0_consensus.fastq:md5,0d696bc1323e65539b67d88793cdb5af"
                    ],
                    [
                        "barcode05",
                        "raw",
                        "smolecule4sub0_consensus.fastq:md5,923ee827fc8b88cd58afb305d19cf0ad"
                    ],
                    [
                        "barcode05",
                        "raw",
                        "smolecule5sub0_consensus.fastq:md5,0253f0d9d08498372fdd11a9917b3315"
                    ],
                    [
                        "barcode05",
                        "raw",
                        "smolecule6sub0_consensus.fastq:md5,3994a65a83144473bdc65c8aa2c211be"
                    ],
                    [
                        "barcode05",
                        "raw",
                        "smolecule7sub0_consensus.fastq:md5,97dd3f98778b3e4d4dd63dc18683af6c"
                    ],
                    [
                        "barcode05",
                        "raw",
                        "smolecule8sub0_consensus.fastq:md5,10863a74f83c967093efdc8939e1a626"
                    ],
                    [
                        "barcode05",
                        "raw",
                        "smolecule9sub0_consensus.fastq:md5,7d33c9a6f3fdd1d96521a28710f27acf"
                    ],
                    [
                        "barcode06",
                        "raw",
                        "smolecule697sub0_consensus.fastq:md5,a6ab25dd5495ffb767ecfde466508f5a"
                    ],
                    [
                        "barcode07",
                        "raw",
                        "smolecule101sub0_consensus.fastq:md5,4181c3a324659ee638f76025d59b2462"
                    ],
                    [
                        "barcode07",
                        "raw",
                        "smolecule106sub0_consensus.fastq:md5,e8e5ede5883ca3d1ef165e3dbde54637"
                    ],
                    [
                        "barcode07",
                        "raw",
                        "smolecule107sub0_consensus.fastq:md5,9fd7d556f4663e5bd7be9615a034bb37"
                    ],
                    [
                        "barcode07",
                        "raw",
                        "smolecule109sub0_consensus.fastq:md5,50c0c2d59e7f1d65b54d37996e059ae3"
                    ],
                    [
                        "barcode07",
                        "raw",
                        "smolecule10sub0_consensus.fastq:md5,c68fbb62fd9d78a89e433dbd17f52be0"
                    ],
                    [
                        "barcode07",
                        "raw",
                        "smolecule113sub0_consensus.fastq:md5,a46b958f38569c29a55ec5e715bbf963"
                    ],
                    [
                        "barcode07",
                        "raw",
                        "smolecule116sub0_consensus.fastq:md5,511003cb6dd833f2528784315d9392cc"
                    ],
                    [
                        "barcode07",
                        "raw",
                        "smolecule116sub1_consensus.fastq:md5,9bfce1d635f111d6967441054e828c57"
                    ],
                    [
                        "barcode07",
                        "raw",
                        "smolecule117sub0_consensus.fastq:md5,07fd23ca9b918030111b5af2277b65ca"
                    ],
                    [
                        "barcode07",
                        "raw",
                        "smolecule119sub0_consensus.fastq:md5,805db200db813799ecbb3da7c0f84d29"
                    ],
                    [
                        "barcode07",
                        "raw",
                        "smolecule124sub1_consensus.fastq:md5,5a360f2ec6e0c37aadf0d6faa53bd9ea"
                    ],
                    [
                        "barcode07",
                        "raw",
                        "smolecule129sub1_consensus.fastq:md5,e470be349111e96077891ea1e4eea376"
                    ],
                    [
                        "barcode07",
                        "raw",
                        "smolecule12sub2_consensus.fastq:md5,9c2d4270dcddcf363834416ffde1566d"
                    ],
                    [
                        "barcode07",
                        "raw",
                        "smolecule132sub0_consensus.fastq:md5,6dd2310e60ad61258b8b5d43e4cc30c4"
                    ],
                    [
                        "barcode07",
                        "raw",
                        "smolecule133sub0_consensus.fastq:md5,5766785b2e6dab648c7fd40c82eb596e"
                    ],
                    [
                        "barcode07",
                        "raw",
                        "smolecule137sub0_consensus.fastq:md5,a44be9ab8baac61eb17f855d1c6f02e3"
                    ],
                    [
                        "barcode07",
                        "raw",
                        "smolecule13sub0_consensus.fastq:md5,bd5f48cc95f8686877d1cd778edd0ab6"
                    ],
                    [
                        "barcode07",
                        "raw",
                        "smolecule141sub0_consensus.fastq:md5,5c6f09a294f2b184755b8afc916c6b0f"
                    ],
                    [
                        "barcode07",
                        "raw",
                        "smolecule145sub0_consensus.fastq:md5,51a1c865759c1ae082f8bc86eb37faba"
                    ],
                    [
                        "barcode07",
                        "raw",
                        "smolecule149sub0_consensus.fastq:md5,787f32d94ce04ffba3d43e9e58a40f63"
                    ],
                    [
                        "barcode07",
                        "raw",
                        "smolecule14sub0_consensus.fastq:md5,19450c65845598b6920b95fdea6cac8c"
                    ],
                    [
                        "barcode07",
                        "raw",
                        "smolecule153sub1_consensus.fastq:md5,fbba202fb0cac609004a4a6201ce1685"
                    ],
                    [
                        "barcode07",
                        "raw",
                        "smolecule155sub1_consensus.fastq:md5,2818f7f21da18a4fde960a8e0a97e8de"
                    ],
                    [
                        "barcode07",
                        "raw",
                        "smolecule157sub0_consensus.fastq:md5,8da41e0dbcbd7aff9e76ca8d48e2c101"
                    ],
                    [
                        "barcode07",
                        "raw",
                        "smolecule162sub0_consensus.fastq:md5,c545408b3ef713aee9ac3875ca561ecb"
                    ],
                    [
                        "barcode07",
                        "raw",
                        "smolecule165sub0_consensus.fastq:md5,414839276052ebdfa0e418923098a4ff"
                    ],
                    [
                        "barcode07",
                        "raw",
                        "smolecule167sub1_consensus.fastq:md5,8708548dc7cfb856a1dea83aeac04aed"
                    ],
                    [
                        "barcode07",
                        "raw",
                        "smolecule170sub0_consensus.fastq:md5,019e031a59d03b9ec4866dd367bb14de"
                    ],
                    [
                        "barcode07",
                        "raw",
                        "smolecule173sub0_consensus.fastq:md5,a652fa4efae097c0c3a116e4808c2eb0"
                    ],
                    [
                        "barcode07",
                        "raw",
                        "smolecule17sub0_consensus.fastq:md5,054c5c1ba380daa8a65ad94f076fa743"
                    ],
                    [
                        "barcode07",
                        "raw",
                        "smolecule183sub0_consensus.fastq:md5,cf42e2e9f09524f9bb16fa36c5e18467"
                    ],
                    [
                        "barcode07",
                        "raw",
                        "smolecule192sub0_consensus.fastq:md5,46fef762ee4e123998793f3fe5c6e578"
                    ],
                    [
                        "barcode07",
                        "raw",
                        "smolecule196sub0_consensus.fastq:md5,4a5b15a3f5789acd61c6cffd1d4debca"
                    ],
                    [
                        "barcode07",
                        "raw",
                        "smolecule209sub0_consensus.fastq:md5,169d5844046d9514f5140f620f63e1bf"
                    ],
                    [
                        "barcode07",
                        "raw",
                        "smolecule215sub0_consensus.fastq:md5,cd6e43b24a11112cf6eba4da106fc97f"
                    ],
                    [
                        "barcode07",
                        "raw",
                        "smolecule217sub0_consensus.fastq:md5,9a28ff0111fe666cd7d3650f7e120228"
                    ],
                    [
                        "barcode07",
                        "raw",
                        "smolecule220sub0_consensus.fastq:md5,04c50574403a22d1a186b8c9b7b472db"
                    ],
                    [
                        "barcode07",
                        "raw",
                        "smolecule222sub0_consensus.fastq:md5,b755ca50c4ac13819c9cd978d1819a99"
                    ],
                    [
                        "barcode07",
                        "raw",
                        "smolecule225sub0_consensus.fastq:md5,5ee400e73b447868104900b1d92a49e4"
                    ],
                    [
                        "barcode07",
                        "raw",
                        "smolecule243sub0_consensus.fastq:md5,625403f2dac08f426e7ebf1ca54e24f5"
                    ],
                    [
                        "barcode07",
                        "raw",
                        "smolecule244sub0_consensus.fastq:md5,e17b21ae80b74127062285c714918073"
                    ],
                    [
                        "barcode07",
                        "raw",
                        "smolecule247sub0_consensus.fastq:md5,25a441d967ef09cf0c059c3cf230d082"
                    ],
                    [
                        "barcode07",
                        "raw",
                        "smolecule249sub0_consensus.fastq:md5,28918a43d1bf78ae8bfbf22781ef0e8d"
                    ],
                    [
                        "barcode07",
                        "raw",
                        "smolecule24sub1_consensus.fastq:md5,9fdacdc132733c842bc0134d49a2a73d"
                    ],
                    [
                        "barcode07",
                        "raw",
                        "smolecule263sub0_consensus.fastq:md5,22895f70bc5e72eb75cd618229663c81"
                    ],
                    [
                        "barcode07",
                        "raw",
                        "smolecule269sub0_consensus.fastq:md5,2be645d02dd5d16b7902cd47b2bc4bcb"
                    ],
                    [
                        "barcode07",
                        "raw",
                        "smolecule26sub0_consensus.fastq:md5,3c7f515036476196274d00f62a6689ff"
                    ],
                    [
                        "barcode07",
                        "raw",
                        "smolecule27sub0_consensus.fastq:md5,09c2651dff69aaf1feaa84f6a32afcdd"
                    ],
                    [
                        "barcode07",
                        "raw",
                        "smolecule313sub0_consensus.fastq:md5,fc34807fa7ac4665cb686ed737d927c6"
                    ],
                    [
                        "barcode07",
                        "raw",
                        "smolecule31sub1_consensus.fastq:md5,32bfe1be087f4c8398b7f4edbed5c299"
                    ],
                    [
                        "barcode07",
                        "raw",
                        "smolecule32sub0_consensus.fastq:md5,d7394bc789c99795edf6a02759503a48"
                    ],
                    [
                        "barcode07",
                        "raw",
                        "smolecule348sub0_consensus.fastq:md5,7f80ef6ca515daa74bdbdf8c5b8436b0"
                    ],
                    [
                        "barcode07",
                        "raw",
                        "smolecule34sub0_consensus.fastq:md5,41f3701bc20bd159aebeaa717e7079e4"
                    ],
                    [
                        "barcode07",
                        "raw",
                        "smolecule37sub0_consensus.fastq:md5,2f655c88368d8b67d14e335d2d93ab1e"
                    ],
                    [
                        "barcode07",
                        "raw",
                        "smolecule38sub1_consensus.fastq:md5,46134fe354a40817dd0ad9cecb16c917"
                    ],
                    [
                        "barcode07",
                        "raw",
                        "smolecule39sub0_consensus.fastq:md5,008ddde51e4d1ab3a5717f0aa2ecff47"
                    ],
                    [
                        "barcode07",
                        "raw",
                        "smolecule40sub1_consensus.fastq:md5,cab9ee99951f20b4e359b17c97d7cbba"
                    ],
                    [
                        "barcode07",
                        "raw",
                        "smolecule42sub1_consensus.fastq:md5,d27b9df537c293b8fcef35e360892d08"
                    ],
                    [
                        "barcode07",
                        "raw",
                        "smolecule44sub0_consensus.fastq:md5,bf882a6caee2c0da2ceefccb79821d0d"
                    ],
                    [
                        "barcode07",
                        "raw",
                        "smolecule45sub1_consensus.fastq:md5,28838d0f5014a6d48182b6fbc7648682"
                    ],
                    [
                        "barcode07",
                        "raw",
                        "smolecule46sub1_consensus.fastq:md5,569e5d8019d6088672525869828739e8"
                    ],
                    [
                        "barcode07",
                        "raw",
                        "smolecule497sub1_consensus.fastq:md5,898fa726bc5bf77a7ed62b3a3f19881b"
                    ],
                    [
                        "barcode07",
                        "raw",
                        "smolecule49sub0_consensus.fastq:md5,8799a91fbbb8d4a016472dc49d12654c"
                    ],
                    [
                        "barcode07",
                        "raw",
                        "smolecule4sub1_consensus.fastq:md5,8207a1fb200c4ccc9100e578c679968d"
                    ],
                    [
                        "barcode07",
                        "raw",
                        "smolecule50sub0_consensus.fastq:md5,8940dfdbb43471fb4bc52ed8ad09ffa6"
                    ],
                    [
                        "barcode07",
                        "raw",
                        "smolecule51sub0_consensus.fastq:md5,7a04caa0b0d2762f0f99cbaed6725698"
                    ],
                    [
                        "barcode07",
                        "raw",
                        "smolecule52sub1_consensus.fastq:md5,33957428f3ddd5bbb9db96099d6b2c10"
                    ],
                    [
                        "barcode07",
                        "raw",
                        "smolecule53sub0_consensus.fastq:md5,f152fe2a618f8843916bf52f5cde5ff8"
                    ],
                    [
                        "barcode07",
                        "raw",
                        "smolecule54sub1_consensus.fastq:md5,def604ae43d716f0382ef923b13c26b5"
                    ],
                    [
                        "barcode07",
                        "raw",
                        "smolecule56sub0_consensus.fastq:md5,2f3eea6c003a4dc3e6ea692720d0c444"
                    ],
                    [
                        "barcode07",
                        "raw",
                        "smolecule57sub0_consensus.fastq:md5,1d6def5c26e9232ea49526748b0e4f9e"
                    ],
                    [
                        "barcode07",
                        "raw",
                        "smolecule5sub1_consensus.fastq:md5,2a84bd4895e01d284a4507dc63c85e42"
                    ],
                    [
                        "barcode07",
                        "raw",
                        "smolecule60sub0_consensus.fastq:md5,2eef3b3bc2aa00c5baa8aa7477a6271d"
                    ],
                    [
                        "barcode07",
                        "raw",
                        "smolecule61sub0_consensus.fastq:md5,4ea8937e5d621409a2983f945a6a186e"
                    ],
                    [
                        "barcode07",
                        "raw",
                        "smolecule62sub0_consensus.fastq:md5,8d53046aec2deb3926c76ddc0b8df3ba"
                    ],
                    [
                        "barcode07",
                        "raw",
                        "smolecule63sub0_consensus.fastq:md5,6874de4528d5b42cc518f6190d0fee6e"
                    ],
                    [
                        "barcode07",
                        "raw",
                        "smolecule67sub0_consensus.fastq:md5,189858435a49fced49fb985a0f35c9e7"
                    ],
                    [
                        "barcode07",
                        "raw",
                        "smolecule6sub2_consensus.fastq:md5,6e8507644d1b20ee2d9c34b66ca00a65"
                    ],
                    [
                        "barcode07",
                        "raw",
                        "smolecule73sub0_consensus.fastq:md5,c98c2221c5ac87ccc880fd2174809297"
                    ],
                    [
                        "barcode07",
                        "raw",
                        "smolecule74sub0_consensus.fastq:md5,816616d679b5a6112d65b55e21f88adb"
                    ],
                    [
                        "barcode07",
                        "raw",
                        "smolecule77sub0_consensus.fastq:md5,7f018bcc964c4d4776c8366a3b010746"
                    ],
                    [
                        "barcode07",
                        "raw",
                        "smolecule79sub1_consensus.fastq:md5,ab9f8623217cfe3abbc91c37a32d5c76"
                    ],
                    [
                        "barcode07",
                        "raw",
                        "smolecule84sub0_consensus.fastq:md5,ad9e24dc14b18c0bffb01fa39a99289c"
                    ],
                    [
                        "barcode07",
                        "raw",
                        "smolecule87sub0_consensus.fastq:md5,68fbea03ea8df614287dbceb5f94d5f0"
                    ],
                    [
                        "barcode07",
                        "raw",
                        "smolecule89sub0_consensus.fastq:md5,aaa1a5a1ff7205743138c354b40d0c31"
                    ],
                    [
                        "barcode07",
                        "raw",
                        "smolecule95sub0_consensus.fastq:md5,4e5376307200d9c1b3fa6a6af8ea55e3"
                    ],
                    [
                        "barcode07",
                        "raw",
                        "smolecule98sub0_consensus.fastq:md5,90a3251ec19e37d7e35b88c2d98bbcdf"
                    ],
                    [
                        "barcode07",
                        "raw",
                        "smolecule9sub0_consensus.fastq:md5,b2e992f6736fc0304e76f951d4353f0d"
                    ]
                ]
            }
        ],
        "meta": {
            "nf-test": "0.8.4",
            "nextflow": "23.10.0"
        },
        "timestamp": "2024-06-18T13:50:27.948644"
    }
}