{
    "Should have no output": {
        "content": [
            [
                
            ]
        ],
        "meta": {
            "nf-test": "0.8.4",
            "nextflow": "23.10.0"
        },
        "timestamp": "2024-03-18T13:20:38.275594"
    },
    "Should split cluster into 3 smolecule files": {
        "content": [
            [
                [
                    "barcode06",
                    "raw",
                    [
                        "smolecule0sub3.fastq:md5,2880ce7e430b18ed05afc104602cf640",
                        "smolecule0sub4.fastq:md5,179834385b9729c0b6448c7ad02688b6",
                        "smolecule0sub5.fastq:md5,bf307457591aa36e23359965f03cf701"
                    ]
                ]
            ]
        ],
        "meta": {
            "nf-test": "0.8.4",
            "nextflow": "23.10.0"
        },
        "timestamp": "2024-03-18T13:20:18.542314"
    },
    "Should split cluster into 6 smolecule files": {
        "content": [
            [
                [
                    "barcode06",
                    "raw",
                    [
                        "smolecule0sub0.fastq:md5,6d4a8146663a4b57f296f9a674fd7bb2",
                        "smolecule0sub1.fastq:md5,54ea6cfc58cbc6b49f2c144060681275",
                        "smolecule0sub2.fastq:md5,17f7f812bda8a7923add0c4aa9ed0b66",
                        "smolecule0sub3.fastq:md5,2880ce7e430b18ed05afc104602cf640",
                        "smolecule0sub4.fastq:md5,179834385b9729c0b6448c7ad02688b6",
                        "smolecule0sub5.fastq:md5,bf307457591aa36e23359965f03cf701"
                    ]
                ]
            ]
        ],
        "meta": {
            "nf-test": "0.8.4",
            "nextflow": "23.10.0"
        },
        "timestamp": "2024-03-18T13:20:00.422393"
    },
    "Should output 24 smolecule files": {
        "content": [
            [
                [
                    "barcode03",
                    "lpa2645_filtered",
                    [
                        "smolecule0sub0.fastq:md5,ff8f68d34e21d7a94084f3a36ae345aa",
                        "smolecule1sub0.fastq:md5,45a59557cfc0846ead1962b68be110be",
                        "smolecule2sub0.fastq:md5,fdf7a851dd0a2be4c821bb382a643fad",
                        "smolecule3sub0.fastq:md5,bbb6faa5665d74bf22f1754c7b7e6440",
                        "smolecule4sub0.fastq:md5,4556729881cc2c6630e93cadf72eb29e",
                        "smolecule5sub0.fastq:md5,5d23a93d05536aa61e41a7d36fceefad"
                    ]
                ],
                [
                    "barcode04",
                    "lpa2645_filtered",
                    [
                        "smolecule0sub0.fastq:md5,6d4a8146663a4b57f296f9a674fd7bb2",
                        "smolecule1sub0.fastq:md5,3bda0fae994d58220c3b5fd6e85a9f45",
                        "smolecule2sub0.fastq:md5,c3b6f3f37443e26363518b34266b3bda",
                        "smolecule3sub0.fastq:md5,cd11f60c4e23b6f9ebbbdf1c0b4f2b4d",
                        "smolecule4sub0.fastq:md5,b8f68a1c6981c12b925c094929381a68",
                        "smolecule5sub0.fastq:md5,757454a84bd7a8a41a36773c6ef99dd1"
                    ]
                ],
                [
                    "barcode05",
                    "lpa2645_filtered",
                    [
                        "smolecule0sub0.fastq:md5,ff8f68d34e21d7a94084f3a36ae345aa",
                        "smolecule10sub0.fastq:md5,7b005094dab183ccf525002b791b1877",
                        "smolecule11sub0.fastq:md5,2a9293877129abe7b2eccf0aeb306c60",
                        "smolecule1sub0.fastq:md5,116cfe485ae5d989456f439eede2afea",
                        "smolecule2sub0.fastq:md5,b5599eaa8b4ba61d9852442db7657317",
                        "smolecule3sub0.fastq:md5,ea1310bf6b509c8132dee4f7a3b0f719",
                        "smolecule4sub0.fastq:md5,236d0a458baf3108a32f8f57df85c6db",
                        "smolecule5sub0.fastq:md5,f166e3ac7a9bb1231e14ed168a969b01",
                        "smolecule6sub0.fastq:md5,600370bfebc1850e0ec77ae534678886",
                        "smolecule7sub0.fastq:md5,d718d4a332214ffdd61339a08d22e04d",
                        "smolecule8sub0.fastq:md5,09dd7732f7520229c51918ea02bfee16",
                        "smolecule9sub0.fastq:md5,436e4b503337505e1e8e3881578fe243"
                    ]
                ]
            ]
        ],
        "meta": {
            "nf-test": "0.8.4",
            "nextflow": "23.10.0"
        },
        "timestamp": "2024-03-18T13:14:42.636426"
    },
    "Should run with success": {
        "content": [
            [
                [
                    "barcode03",
                    "raw",
                    [
                        "smolecule0sub0.fastq:md5,ff8f68d34e21d7a94084f3a36ae345aa",
                        "smolecule1sub0.fastq:md5,45a59557cfc0846ead1962b68be110be",
                        "smolecule2sub0.fastq:md5,fdf7a851dd0a2be4c821bb382a643fad",
                        "smolecule3sub0.fastq:md5,bbb6faa5665d74bf22f1754c7b7e6440",
                        "smolecule4sub0.fastq:md5,4556729881cc2c6630e93cadf72eb29e",
                        "smolecule5sub0.fastq:md5,5d23a93d05536aa61e41a7d36fceefad"
                    ]
                ],
                [
                    "barcode04",
                    "raw",
                    [
                        "smolecule0sub0.fastq:md5,6d4a8146663a4b57f296f9a674fd7bb2",
                        "smolecule1sub0.fastq:md5,3bda0fae994d58220c3b5fd6e85a9f45",
                        "smolecule2sub0.fastq:md5,c3b6f3f37443e26363518b34266b3bda",
                        "smolecule3sub0.fastq:md5,cd11f60c4e23b6f9ebbbdf1c0b4f2b4d",
                        "smolecule4sub0.fastq:md5,b8f68a1c6981c12b925c094929381a68",
                        "smolecule5sub0.fastq:md5,757454a84bd7a8a41a36773c6ef99dd1"
                    ]
                ],
                [
                    "barcode05",
                    "raw",
                    [
                        "smolecule0sub0.fastq:md5,ff8f68d34e21d7a94084f3a36ae345aa",
                        "smolecule10sub0.fastq:md5,7b005094dab183ccf525002b791b1877",
                        "smolecule11sub0.fastq:md5,2a9293877129abe7b2eccf0aeb306c60",
                        "smolecule1sub0.fastq:md5,116cfe485ae5d989456f439eede2afea",
                        "smolecule2sub0.fastq:md5,b5599eaa8b4ba61d9852442db7657317",
                        "smolecule3sub0.fastq:md5,ea1310bf6b509c8132dee4f7a3b0f719",
                        "smolecule4sub0.fastq:md5,236d0a458baf3108a32f8f57df85c6db",
                        "smolecule5sub0.fastq:md5,f166e3ac7a9bb1231e14ed168a969b01",
                        "smolecule6sub0.fastq:md5,600370bfebc1850e0ec77ae534678886",
                        "smolecule7sub0.fastq:md5,d718d4a332214ffdd61339a08d22e04d",
                        "smolecule8sub0.fastq:md5,09dd7732f7520229c51918ea02bfee16",
                        "smolecule9sub0.fastq:md5,436e4b503337505e1e8e3881578fe243"
                    ]
                ],
                [
                    "barcode06",
                    "raw",
                    "smolecule697sub0.fastq:md5,7a2549e398616355ac975faa00a98503"
                ],
                [
                    "barcode07",
                    "raw",
                    [
                        "smolecule101sub0.fastq:md5,53d633a3c78c2213f4c040abf1e50a87",
                        "smolecule106sub0.fastq:md5,5cf2aa3a80a1218c1eedaa7822f4308b",
                        "smolecule107sub0.fastq:md5,37f3e8b47bdbe07004ea3f9808fc4f55",
                        "smolecule109sub0.fastq:md5,20a747fa3ada50ae0c301c8175cdd2f3",
                        "smolecule10sub0.fastq:md5,087dbc87b4e8ff6706cbb634875096c7",
                        "smolecule113sub0.fastq:md5,8f6723d4f328102a8c92483e166c6e88",
                        "smolecule116sub0.fastq:md5,d6611334b864973c91dbacf3816dff08",
                        "smolecule116sub1.fastq:md5,d5532589018f840e6658fbc83043d395",
                        "smolecule117sub0.fastq:md5,eafc1b67377f3d80ac066096886acaa7",
                        "smolecule119sub0.fastq:md5,fbeffff7ac658162fb1d634c4efa0127",
                        "smolecule124sub1.fastq:md5,0de0c23f3f675eeddba7d158a8ce4aee",
                        "smolecule129sub1.fastq:md5,b9d6730af704b681a157afaada45bba3",
                        "smolecule12sub2.fastq:md5,100fd5a42c9b757e4486d883852c2323",
                        "smolecule132sub0.fastq:md5,20752a9936da3db0626284b8d89bb9d4",
                        "smolecule133sub0.fastq:md5,4a510d1b6988772ccb19d8e05bbc6e82",
                        "smolecule137sub0.fastq:md5,15a3d07da8127e9007f82049bd528158",
                        "smolecule13sub0.fastq:md5,7688593742d32ae46055ab19e3a42c42",
                        "smolecule141sub0.fastq:md5,5d0b8ddb23469e0678bfd47184619934",
                        "smolecule145sub0.fastq:md5,53005ff8cc69ad11efa398d5b85e83fb",
                        "smolecule149sub0.fastq:md5,c96ac46e5706f89fced1e5bd1d578d7c",
                        "smolecule14sub0.fastq:md5,5963a201915283aadabb409d59495cbb",
                        "smolecule153sub1.fastq:md5,f7c728d86df26436d88a6d78b00565cb",
                        "smolecule155sub1.fastq:md5,db5d3febbe7ba3d8013105c9da94ee8c",
                        "smolecule157sub0.fastq:md5,35e3bd2c750487aee7c0c0226e654d4a",
                        "smolecule162sub0.fastq:md5,b91538438d3d83cd85dae082a187ca4e",
                        "smolecule165sub0.fastq:md5,ccc4ec68f2b1554284342cca14eaa4fd",
                        "smolecule167sub1.fastq:md5,d269103162be602ee451e39e4349adf1",
                        "smolecule170sub0.fastq:md5,569543ee0ff9da6bdcfaf7a07026b62b",
                        "smolecule173sub0.fastq:md5,1a067615dee3171b44655876a243e21d",
                        "smolecule17sub0.fastq:md5,3860aa8e6ca97bcb72e1477259915e3c",
                        "smolecule183sub0.fastq:md5,c46be72d7564755ff05697501378a8eb",
                        "smolecule192sub0.fastq:md5,66da8f5fc54112bff25899c967382e93",
                        "smolecule196sub0.fastq:md5,e990e90e3c86ab49b4876265686801de",
                        "smolecule209sub0.fastq:md5,c10aabb258bbc595a96bb15faf717ef8",
                        "smolecule215sub0.fastq:md5,7b9971493cbaac00d03f23ca9423c357",
                        "smolecule217sub0.fastq:md5,4cd963fe00efafd98ad2bf0d369e79fe",
                        "smolecule220sub0.fastq:md5,3ccd37ffe19bc63e936cce4a659d6946",
                        "smolecule222sub0.fastq:md5,199f648c636cda1ba9a7ad2e76948563",
                        "smolecule225sub0.fastq:md5,0621c3427084e8eeabae8556226ec134",
                        "smolecule243sub0.fastq:md5,23c24d0ef71748955cfc6fd1466fedb1",
                        "smolecule244sub0.fastq:md5,b400e68c289bd45bc9880b6d344a9d6e",
                        "smolecule247sub0.fastq:md5,3f80d9f6f6fb20dffbf6f99789002004",
                        "smolecule249sub0.fastq:md5,84220f48b5eae5d20924a84a0836a455",
                        "smolecule24sub1.fastq:md5,ed8aa90643f7e6ef135c79ee14ad6501",
                        "smolecule263sub0.fastq:md5,00480cdf813437de64645025072c65fb",
                        "smolecule269sub0.fastq:md5,6c5bc33a86d9dd0b701306d9437c330f",
                        "smolecule26sub0.fastq:md5,b76512c6d4698cf4897cef4447d71217",
                        "smolecule27sub0.fastq:md5,92ba884c5dc73111a128106ed0aaaee3",
                        "smolecule313sub0.fastq:md5,45f036e0b0224d4c7deb3385c067c8f8",
                        "smolecule31sub1.fastq:md5,6a0e09438e85591301e08912de60c1ba",
                        "smolecule32sub0.fastq:md5,c942bdc575808b735c2a30b59df8e4af",
                        "smolecule348sub0.fastq:md5,5806fda9db494b13a439d421d929a6b1",
                        "smolecule34sub0.fastq:md5,a86b84d3f91376e56196d8c2019c601b",
                        "smolecule37sub0.fastq:md5,454c8f6e6dc0ff7e8e5002c16953af7d",
                        "smolecule38sub1.fastq:md5,34c88aa67eaad9afde3b176e27e9e139",
                        "smolecule39sub0.fastq:md5,e611a8061853515a1abd23b4df4c0354",
                        "smolecule40sub1.fastq:md5,49ed3b71283333f11274103eea60ea43",
                        "smolecule42sub1.fastq:md5,2a800adb32906a3063d26d68c9fceff9",
                        "smolecule44sub0.fastq:md5,239d2aedf89d9c8a72de5e85f0666d1e",
                        "smolecule45sub1.fastq:md5,2a42eb71d1195b7bb60aedda9d5c3bb4",
                        "smolecule46sub1.fastq:md5,ef7790be34677dfe10296935956720d2",
                        "smolecule497sub1.fastq:md5,637b728f29cf9c4a65d360f2e79a005f",
                        "smolecule49sub0.fastq:md5,d7b2e7165b499003963915306d62a4a7",
                        "smolecule4sub1.fastq:md5,7cc36cd0b5c46fb87ad770a6290c1b84",
                        "smolecule50sub0.fastq:md5,27a84041225340e72e9519c7afb30016",
                        "smolecule51sub0.fastq:md5,318994915532154804a9fd692bafbf69",
                        "smolecule52sub1.fastq:md5,36cbaf7bd66a7a73840fa22c7bbff613",
                        "smolecule53sub0.fastq:md5,d938140fbf204a61e434a8981926eb63",
                        "smolecule54sub1.fastq:md5,2e8d7b52cc9b810f4be7292c5d45292b",
                        "smolecule56sub0.fastq:md5,f2c6757a88efd72057f31650bb71f8c9",
                        "smolecule57sub0.fastq:md5,37508902d27b2832ba8ba7b9e64af1b0",
                        "smolecule5sub1.fastq:md5,37d9d52f9580419fdcb7928e22da3a39",
                        "smolecule60sub0.fastq:md5,e4caa650f5e504d01d9f787df11afc62",
                        "smolecule61sub0.fastq:md5,5cb2632e55a377be6ca078b7309f6543",
                        "smolecule62sub0.fastq:md5,b5641692155b18504387180232507ca7",
                        "smolecule63sub0.fastq:md5,249c1d277312f9bbb16f4a91794ea179",
                        "smolecule67sub0.fastq:md5,99a366f54cadc38375bf8b4773063929",
                        "smolecule6sub2.fastq:md5,e14c6c6b694217c161330b5a71a54808",
                        "smolecule73sub0.fastq:md5,9f96abcfb08b047d27c09a91dc23c686",
                        "smolecule74sub0.fastq:md5,1254d8557537d88cab71890625d7ce8e",
                        "smolecule77sub0.fastq:md5,5901ccc1e2c377c853d76637a6d038ec",
                        "smolecule79sub1.fastq:md5,b2146cb17fe9f2af421188d8467f9c14",
                        "smolecule84sub0.fastq:md5,2729a3a902559e5484e54d2cbe2fb720",
                        "smolecule87sub0.fastq:md5,d003fbf3008ed956f8f33ed5f6c64e86",
                        "smolecule89sub0.fastq:md5,5a0c2ea843ac340ff5f741343ed0be34",
                        "smolecule95sub0.fastq:md5,376220df0e0176437123143d0afb183a",
                        "smolecule98sub0.fastq:md5,01c61820368ae4de6a27311df2485cae",
                        "smolecule9sub0.fastq:md5,c1c0f9b9ea06c8f6639d356b55ab4e75"
                    ]
                ]
            ]
        ],
        "meta": {
            "nf-test": "0.8.4",
            "nextflow": "23.10.0"
        },
        "timestamp": "2024-03-18T13:19:22.00866"
    }
}