{
    "Should detect the same UMIs - long adapter": {
        "content": [
            {
                "0": [
                    [
                        "barcode02",
                        "lpa2645",
                        "extracted_umis_barcode02_1.fastq:md5,d41d8cd98f00b204e9800998ecf8427e"
                    ],
                    [
                        "barcode03",
                        "lpa2645",
                        "extracted_umis_barcode03_2.fastq:md5,ef06dacd82cc76a3e1797fafed348d97"
                    ],
                    [
                        "barcode04",
                        "lpa2645",
                        "extracted_umis_barcode04_3.fastq:md5,75c1c38a134cf1270f5e94d3ea938006"
                    ],
                    [
                        "barcode05",
                        "lpa2645",
                        "extracted_umis_barcode05_4.fastq:md5,fe23b244bdfdfe5f62e2488c6acff007"
                    ]
                ],
                "1": [
                    [
                        "barcode02",
                        "lpa2645",
                        "extracted_umis_barcode02_1.tsv:md5,ad5e1bbeb6edb594841e6cfd3172d20c"
                    ],
                    [
                        "barcode03",
                        "lpa2645",
                        "extracted_umis_barcode03_2.tsv:md5,f1fb453e4c7e2496b9ef2bd3940a3579"
                    ],
                    [
                        "barcode04",
                        "lpa2645",
                        "extracted_umis_barcode04_3.tsv:md5,669511d3a919f063813db044a8a42d65"
                    ],
                    [
                        "barcode05",
                        "lpa2645",
                        "extracted_umis_barcode05_4.tsv:md5,353a7a314c1a8f46bb05b74cc035c64d"
                    ]
                ],
                "umi_extract_fastq": [
                    [
                        "barcode02",
                        "lpa2645",
                        "extracted_umis_barcode02_1.fastq:md5,d41d8cd98f00b204e9800998ecf8427e"
                    ],
                    [
                        "barcode03",
                        "lpa2645",
                        "extracted_umis_barcode03_2.fastq:md5,ef06dacd82cc76a3e1797fafed348d97"
                    ],
                    [
                        "barcode04",
                        "lpa2645",
                        "extracted_umis_barcode04_3.fastq:md5,75c1c38a134cf1270f5e94d3ea938006"
                    ],
                    [
                        "barcode05",
                        "lpa2645",
                        "extracted_umis_barcode05_4.fastq:md5,fe23b244bdfdfe5f62e2488c6acff007"
                    ]
                ],
                "umi_extract_fastq_stats": [
                    [
                        "barcode02",
                        "lpa2645",
                        "extracted_umis_barcode02_1.tsv:md5,ad5e1bbeb6edb594841e6cfd3172d20c"
                    ],
                    [
                        "barcode03",
                        "lpa2645",
                        "extracted_umis_barcode03_2.tsv:md5,f1fb453e4c7e2496b9ef2bd3940a3579"
                    ],
                    [
                        "barcode04",
                        "lpa2645",
                        "extracted_umis_barcode04_3.tsv:md5,669511d3a919f063813db044a8a42d65"
                    ],
                    [
                        "barcode05",
                        "lpa2645",
                        "extracted_umis_barcode05_4.tsv:md5,353a7a314c1a8f46bb05b74cc035c64d"
                    ]
                ]
            }
        ],
        "meta": {
            "nf-test": "0.9.0-rc2",
            "nextflow": "24.10.0"
        },
        "timestamp": "2025-10-07T16:03:58.490129719"
    },
    "Should detect the UMIs using context primer": {
        "content": [
            {
                "0": [
                    [
                        "barcode_context",
                        "lpa2645",
                        "extracted_umis_barcode_context_1.fastq:md5,d98f53ef8fb52f5ca0cffda16e10c5b5"
                    ]
                ],
                "1": [
                    [
                        "barcode_context",
                        "lpa2645",
                        "extracted_umis_barcode_context_1.tsv:md5,242202b6b70f9216e3594432722bfbc8"
                    ]
                ],
                "umi_extract_fastq": [
                    [
                        "barcode_context",
                        "lpa2645",
                        "extracted_umis_barcode_context_1.fastq:md5,d98f53ef8fb52f5ca0cffda16e10c5b5"
                    ]
                ],
                "umi_extract_fastq_stats": [
                    [
                        "barcode_context",
                        "lpa2645",
                        "extracted_umis_barcode_context_1.tsv:md5,242202b6b70f9216e3594432722bfbc8"
                    ]
                ]
            }
        ],
        "meta": {
            "nf-test": "0.9.0-rc2",
            "nextflow": "24.10.0"
        },
        "timestamp": "2025-10-07T15:35:24.97172069"
    },
    "Should detect the same UMIs - short adapter": {
        "content": [
            {
                "0": [
                    [
                        "barcode02",
                        "lpa2645",
                        "extracted_umis_barcode02_1.fastq:md5,d41d8cd98f00b204e9800998ecf8427e"
                    ],
                    [
                        "barcode03",
                        "lpa2645",
                        "extracted_umis_barcode03_2.fastq:md5,ef06dacd82cc76a3e1797fafed348d97"
                    ],
                    [
                        "barcode04",
                        "lpa2645",
                        "extracted_umis_barcode04_3.fastq:md5,75c1c38a134cf1270f5e94d3ea938006"
                    ],
                    [
                        "barcode05",
                        "lpa2645",
                        "extracted_umis_barcode05_4.fastq:md5,fe23b244bdfdfe5f62e2488c6acff007"
                    ]
                ],
                "1": [
                    [
                        "barcode02",
                        "lpa2645",
                        "extracted_umis_barcode02_1.tsv:md5,ad5e1bbeb6edb594841e6cfd3172d20c"
                    ],
                    [
                        "barcode03",
                        "lpa2645",
                        "extracted_umis_barcode03_2.tsv:md5,f1fb453e4c7e2496b9ef2bd3940a3579"
                    ],
                    [
                        "barcode04",
                        "lpa2645",
                        "extracted_umis_barcode04_3.tsv:md5,669511d3a919f063813db044a8a42d65"
                    ],
                    [
                        "barcode05",
                        "lpa2645",
                        "extracted_umis_barcode05_4.tsv:md5,353a7a314c1a8f46bb05b74cc035c64d"
                    ]
                ],
                "umi_extract_fastq": [
                    [
                        "barcode02",
                        "lpa2645",
                        "extracted_umis_barcode02_1.fastq:md5,d41d8cd98f00b204e9800998ecf8427e"
                    ],
                    [
                        "barcode03",
                        "lpa2645",
                        "extracted_umis_barcode03_2.fastq:md5,ef06dacd82cc76a3e1797fafed348d97"
                    ],
                    [
                        "barcode04",
                        "lpa2645",
                        "extracted_umis_barcode04_3.fastq:md5,75c1c38a134cf1270f5e94d3ea938006"
                    ],
                    [
                        "barcode05",
                        "lpa2645",
                        "extracted_umis_barcode05_4.fastq:md5,fe23b244bdfdfe5f62e2488c6acff007"
                    ]
                ],
                "umi_extract_fastq_stats": [
                    [
                        "barcode02",
                        "lpa2645",
                        "extracted_umis_barcode02_1.tsv:md5,ad5e1bbeb6edb594841e6cfd3172d20c"
                    ],
                    [
                        "barcode03",
                        "lpa2645",
                        "extracted_umis_barcode03_2.tsv:md5,f1fb453e4c7e2496b9ef2bd3940a3579"
                    ],
                    [
                        "barcode04",
                        "lpa2645",
                        "extracted_umis_barcode04_3.tsv:md5,669511d3a919f063813db044a8a42d65"
                    ],
                    [
                        "barcode05",
                        "lpa2645",
                        "extracted_umis_barcode05_4.tsv:md5,353a7a314c1a8f46bb05b74cc035c64d"
                    ]
                ]
            }
        ],
        "meta": {
            "nf-test": "0.9.0-rc2",
            "nextflow": "24.10.0"
        },
        "timestamp": "2025-10-07T15:54:25.636651399"
    },
    "Should detect UMIs": {
        "content": [
            {
                "0": [
                    [
                        "barcode_context",
                        "lpa2645",
                        "extracted_umis_barcode_context_1.fastq:md5,f02454a788bf0ce6bbff1a05b64afa75"
                    ]
                ],
                "1": [
                    [
                        "barcode_context",
                        "lpa2645",
                        "extracted_umis_barcode_context_1.tsv:md5,c1a3bfcf4bcf7894f12e9b3038c62c66"
                    ]
                ],
                "umi_extract_fastq": [
                    [
                        "barcode_context",
                        "lpa2645",
                        "extracted_umis_barcode_context_1.fastq:md5,f02454a788bf0ce6bbff1a05b64afa75"
                    ]
                ],
                "umi_extract_fastq_stats": [
                    [
                        "barcode_context",
                        "lpa2645",
                        "extracted_umis_barcode_context_1.tsv:md5,c1a3bfcf4bcf7894f12e9b3038c62c66"
                    ]
                ]
            }
        ],
        "meta": {
            "nf-test": "0.9.0-rc2",
            "nextflow": "24.10.0"
        },
        "timestamp": "2025-10-07T16:04:07.498446952"
    },
    "Should output empty file": {
        "content": [
            {
                "0": [
                    [
                        "barcode02",
                        "lpa2645",
                        "extracted_umis_barcode02_1.fastq:md5,d41d8cd98f00b204e9800998ecf8427e"
                    ]
                ],
                "1": [
                    [
                        "barcode02",
                        "lpa2645",
                        "extracted_umis_barcode02_1.tsv:md5,ad5e1bbeb6edb594841e6cfd3172d20c"
                    ]
                ],
                "umi_extract_fastq": [
                    [
                        "barcode02",
                        "lpa2645",
                        "extracted_umis_barcode02_1.fastq:md5,d41d8cd98f00b204e9800998ecf8427e"
                    ]
                ],
                "umi_extract_fastq_stats": [
                    [
                        "barcode02",
                        "lpa2645",
                        "extracted_umis_barcode02_1.tsv:md5,ad5e1bbeb6edb594841e6cfd3172d20c"
                    ]
                ]
            }
        ],
        "meta": {
            "nf-test": "0.9.0-rc2",
            "nextflow": "24.10.0"
        },
        "timestamp": "2025-10-07T15:35:32.631398014"
    },
    "Should not find any UMI": {
        "content": [
            {
                "0": [
                    [
                        "barcode02",
                        "lpa2645",
                        "extracted_umis_barcode02_1.fastq:md5,d41d8cd98f00b204e9800998ecf8427e"
                    ],
                    [
                        "barcode03",
                        "lpa2645",
                        "extracted_umis_barcode03_2.fastq:md5,d41d8cd98f00b204e9800998ecf8427e"
                    ],
                    [
                        "barcode04",
                        "lpa2645",
                        "extracted_umis_barcode04_3.fastq:md5,d41d8cd98f00b204e9800998ecf8427e"
                    ],
                    [
                        "barcode05",
                        "lpa2645",
                        "extracted_umis_barcode05_4.fastq:md5,d41d8cd98f00b204e9800998ecf8427e"
                    ]
                ],
                "1": [
                    [
                        "barcode02",
                        "lpa2645",
                        "extracted_umis_barcode02_1.tsv:md5,ad5e1bbeb6edb594841e6cfd3172d20c"
                    ],
                    [
                        "barcode03",
                        "lpa2645",
                        "extracted_umis_barcode03_2.tsv:md5,1d7cb5b915aa09b2dc37531f66222a45"
                    ],
                    [
                        "barcode04",
                        "lpa2645",
                        "extracted_umis_barcode04_3.tsv:md5,fb3a528714e818653113163369c6dcf8"
                    ],
                    [
                        "barcode05",
                        "lpa2645",
                        "extracted_umis_barcode05_4.tsv:md5,0dba9d0ed906743cc8150b8bea054b35"
                    ]
                ],
                "umi_extract_fastq": [
                    [
                        "barcode02",
                        "lpa2645",
                        "extracted_umis_barcode02_1.fastq:md5,d41d8cd98f00b204e9800998ecf8427e"
                    ],
                    [
                        "barcode03",
                        "lpa2645",
                        "extracted_umis_barcode03_2.fastq:md5,d41d8cd98f00b204e9800998ecf8427e"
                    ],
                    [
                        "barcode04",
                        "lpa2645",
                        "extracted_umis_barcode04_3.fastq:md5,d41d8cd98f00b204e9800998ecf8427e"
                    ],
                    [
                        "barcode05",
                        "lpa2645",
                        "extracted_umis_barcode05_4.fastq:md5,d41d8cd98f00b204e9800998ecf8427e"
                    ]
                ],
                "umi_extract_fastq_stats": [
                    [
                        "barcode02",
                        "lpa2645",
                        "extracted_umis_barcode02_1.tsv:md5,ad5e1bbeb6edb594841e6cfd3172d20c"
                    ],
                    [
                        "barcode03",
                        "lpa2645",
                        "extracted_umis_barcode03_2.tsv:md5,1d7cb5b915aa09b2dc37531f66222a45"
                    ],
                    [
                        "barcode04",
                        "lpa2645",
                        "extracted_umis_barcode04_3.tsv:md5,fb3a528714e818653113163369c6dcf8"
                    ],
                    [
                        "barcode05",
                        "lpa2645",
                        "extracted_umis_barcode05_4.tsv:md5,0dba9d0ed906743cc8150b8bea054b35"
                    ]
                ]
            }
        ],
        "meta": {
            "nf-test": "0.9.0-rc2",
            "nextflow": "24.10.0"
        },
        "timestamp": "2025-10-07T15:35:44.486305974"
    },
    "Should run without failures": {
        "content": [
            {
                "0": [
                    [
                        "barcode02",
                        "raw",
                        "extracted_umis_barcode02_1.fastq:md5,d41d8cd98f00b204e9800998ecf8427e"
                    ],
                    [
                        "barcode03",
                        "raw",
                        "extracted_umis_barcode03_2.fastq:md5,ef06dacd82cc76a3e1797fafed348d97"
                    ],
                    [
                        "barcode04",
                        "raw",
                        "extracted_umis_barcode04_3.fastq:md5,75c1c38a134cf1270f5e94d3ea938006"
                    ],
                    [
                        "barcode05",
                        "raw",
                        "extracted_umis_barcode05_4.fastq:md5,fe23b244bdfdfe5f62e2488c6acff007"
                    ]
                ],
                "1": [
                    [
                        "barcode02",
                        "raw",
                        "extracted_umis_barcode02_1.tsv:md5,ad5e1bbeb6edb594841e6cfd3172d20c"
                    ],
                    [
                        "barcode03",
                        "raw",
                        "extracted_umis_barcode03_2.tsv:md5,f1fb453e4c7e2496b9ef2bd3940a3579"
                    ],
                    [
                        "barcode04",
                        "raw",
                        "extracted_umis_barcode04_3.tsv:md5,669511d3a919f063813db044a8a42d65"
                    ],
                    [
                        "barcode05",
                        "raw",
                        "extracted_umis_barcode05_4.tsv:md5,353a7a314c1a8f46bb05b74cc035c64d"
                    ]
                ],
                "umi_extract_fastq": [
                    [
                        "barcode02",
                        "raw",
                        "extracted_umis_barcode02_1.fastq:md5,d41d8cd98f00b204e9800998ecf8427e"
                    ],
                    [
                        "barcode03",
                        "raw",
                        "extracted_umis_barcode03_2.fastq:md5,ef06dacd82cc76a3e1797fafed348d97"
                    ],
                    [
                        "barcode04",
                        "raw",
                        "extracted_umis_barcode04_3.fastq:md5,75c1c38a134cf1270f5e94d3ea938006"
                    ],
                    [
                        "barcode05",
                        "raw",
                        "extracted_umis_barcode05_4.fastq:md5,fe23b244bdfdfe5f62e2488c6acff007"
                    ]
                ],
                "umi_extract_fastq_stats": [
                    [
                        "barcode02",
                        "raw",
                        "extracted_umis_barcode02_1.tsv:md5,ad5e1bbeb6edb594841e6cfd3172d20c"
                    ],
                    [
                        "barcode03",
                        "raw",
                        "extracted_umis_barcode03_2.tsv:md5,f1fb453e4c7e2496b9ef2bd3940a3579"
                    ],
                    [
                        "barcode04",
                        "raw",
                        "extracted_umis_barcode04_3.tsv:md5,669511d3a919f063813db044a8a42d65"
                    ],
                    [
                        "barcode05",
                        "raw",
                        "extracted_umis_barcode05_4.tsv:md5,353a7a314c1a8f46bb05b74cc035c64d"
                    ]
                ]
            }
        ],
        "meta": {
            "nf-test": "0.9.0-rc2",
            "nextflow": "24.10.0"
        },
        "timestamp": "2025-10-07T16:03:32.90071395"
    }
}