{
    "Should split bed into two files": {
        "content": [
            {
                "0": [
                    [
                        "lpa2645.bed:md5,929daacd9f3a79041cdbeee08e23ec59",
                        "lpa5104.bed:md5,cca6c7a109b7e5466b1a4527a0a1ae4d"
                    ]
                ],
                "bed_files": [
                    [
                        "lpa2645.bed:md5,929daacd9f3a79041cdbeee08e23ec59",
                        "lpa5104.bed:md5,cca6c7a109b7e5466b1a4527a0a1ae4d"
                    ]
                ]
            }
        ],
        "meta": {
            "nf-test": "0.9.0-rc2",
            "nextflow": "24.10.0"
        },
        "timestamp": "2025-10-03T12:00:39.937320822"
    },
    "Should run without failures": {
        "content": [
            {
                "0": [
                    "lpa2645.bed:md5,929daacd9f3a79041cdbeee08e23ec59"
                ],
                "bed_files": [
                    "lpa2645.bed:md5,929daacd9f3a79041cdbeee08e23ec59"
                ]
            }
        ],
        "meta": {
            "nf-test": "0.9.0-rc2",
            "nextflow": "24.10.0"
        },
        "timestamp": "2025-10-03T12:00:32.987302961"
    }
}