{
    "Should run without failures - one sample per file": {
        "content": [
            [
                [
                    "barcode03",
                    "LPA2645",
                    "smolecule0_sub0_consensus.fastq:md5,05d23abf09147158cb1d261bf4209159"
                ],
                [
                    "barcode03",
                    "LPA2645",
                    "smolecule1_sub0_consensus.fastq:md5,d95a5fe1d2529df04263deb1614202f4"
                ],
                [
                    "barcode03",
                    "LPA2645",
                    "smolecule2_sub0_consensus.fastq:md5,4d9155a8399e3e87a64b87173e690b4c"
                ],
                [
                    "barcode03",
                    "LPA2645",
                    "smolecule3_sub0_consensus.fastq:md5,6842e7be493536e9418099e53def0893"
                ],
                [
                    "barcode03",
                    "LPA2645",
                    "smolecule4_sub0_consensus.fastq:md5,db4f55ba72777a4b9a044304b27847c3"
                ]
            ]
        ],
        "meta": {
            "nf-test": "0.9.0-rc2",
            "nextflow": "24.10.0"
        },
        "timestamp": "2025-02-25T16:43:23.360712"
    },
    "Should run without failures": {
        "content": [
            [
                [
                    "barcode03",
                    "LPA2645",
                    "barcode03_combined_clusters_1_consensus.fastq:md5,05d23abf09147158cb1d261bf4209159"
                ],
                [
                    "barcode03",
                    "LPA2645",
                    "barcode03_combined_clusters_1_consensus.fastq:md5,4d9155a8399e3e87a64b87173e690b4c"
                ],
                [
                    "barcode03",
                    "LPA2645",
                    "barcode03_combined_clusters_1_consensus.fastq:md5,6842e7be493536e9418099e53def0893"
                ],
                [
                    "barcode03",
                    "LPA2645",
                    "barcode03_combined_clusters_1_consensus.fastq:md5,d95a5fe1d2529df04263deb1614202f4"
                ],
                [
                    "barcode03",
                    "LPA2645",
                    "barcode03_combined_clusters_1_consensus.fastq:md5,db4f55ba72777a4b9a044304b27847c3"
                ]
            ]
        ],
        "meta": {
            "nf-test": "0.9.0-rc2",
            "nextflow": "24.10.0"
        },
        "timestamp": "2025-02-25T16:44:26.200944"
    }
}