{
    "Should have no output": {
        "content": [
            {
                "0": [
                    
                ],
                "1": [
                    [
                        "barcode06",
                        "raw",
                        "split_cluster_stats.tsv:md5,24771071ba5d37b4f7ad29c4efce2151"
                    ]
                ],
                "2": [
                    
                ],
                "smolecule_cluster_fastqs": [
                    
                ]
            }
        ],
        "meta": {
            "nf-test": "0.8.4",
            "nextflow": "23.10.0"
        },
        "timestamp": "2024-03-07T20:02:14.509084"
    },
    "Should split cluster into 3 smolecule files": {
        "content": [
            {
                "0": [
                    [
                        "barcode06",
                        "raw",
                        [
                            "smolecule0sub3.fastq:md5,2880ce7e430b18ed05afc104602cf640",
                            "smolecule0sub4.fastq:md5,179834385b9729c0b6448c7ad02688b6",
                            "smolecule0sub5.fastq:md5,bf307457591aa36e23359965f03cf701"
                        ]
                    ]
                ],
                "1": [
                    [
                        "barcode06",
                        "raw",
                        "split_cluster_stats.tsv:md5,212f8dd6b7b8935baa6bdec3d8442913"
                    ]
                ],
                "2": [
                    [
                        "barcode06",
                        "raw",
                        [
                            "cluster0_0:md5,43434b02020cd2e41e33d92a10835f97",
                            "cluster0_1:md5,ddd4dd5d0918df43c48776d7082e9734",
                            "cluster0_2:md5,4bbd17234dd1ca4fd08baa11432dc8d8",
                            "cluster0_3:md5,ff0974f819897361226e1fc67aeb0656",
                            "cluster0_4:md5,f27185a6dcb557ed5cf56f3538941404",
                            "cluster0_5:md5,d042b1457bc3a906d6d6b24a72e6e980"
                        ]
                    ]
                ],
                "smolecule_cluster_fastqs": [
                    [
                        "barcode06",
                        "raw",
                        [
                            "smolecule0sub3.fastq:md5,2880ce7e430b18ed05afc104602cf640",
                            "smolecule0sub4.fastq:md5,179834385b9729c0b6448c7ad02688b6",
                            "smolecule0sub5.fastq:md5,bf307457591aa36e23359965f03cf701"
                        ]
                    ]
                ]
            }
        ],
        "meta": {
            "nf-test": "0.8.4",
            "nextflow": "23.10.0"
        },
        "timestamp": "2024-03-07T20:02:06.845982"
    },
    "Should split cluster into 6 smolecule files": {
        "content": [
            {
                "0": [
                    [
                        "barcode06",
                        "raw",
                        [
                            "smolecule0sub0.fastq:md5,6d4a8146663a4b57f296f9a674fd7bb2",
                            "smolecule0sub1.fastq:md5,54ea6cfc58cbc6b49f2c144060681275",
                            "smolecule0sub2.fastq:md5,17f7f812bda8a7923add0c4aa9ed0b66",
                            "smolecule0sub3.fastq:md5,2880ce7e430b18ed05afc104602cf640",
                            "smolecule0sub4.fastq:md5,179834385b9729c0b6448c7ad02688b6",
                            "smolecule0sub5.fastq:md5,bf307457591aa36e23359965f03cf701"
                        ]
                    ]
                ],
                "1": [
                    [
                        "barcode06",
                        "raw",
                        "split_cluster_stats.tsv:md5,0a1bb86c1424ac8d7d6ad5def66c781c"
                    ]
                ],
                "2": [
                    [
                        "barcode06",
                        "raw",
                        [
                            "cluster0_0:md5,43434b02020cd2e41e33d92a10835f97",
                            "cluster0_1:md5,ddd4dd5d0918df43c48776d7082e9734",
                            "cluster0_2:md5,4bbd17234dd1ca4fd08baa11432dc8d8",
                            "cluster0_3:md5,ff0974f819897361226e1fc67aeb0656",
                            "cluster0_4:md5,f27185a6dcb557ed5cf56f3538941404",
                            "cluster0_5:md5,d042b1457bc3a906d6d6b24a72e6e980"
                        ]
                    ]
                ],
                "smolecule_cluster_fastqs": [
                    [
                        "barcode06",
                        "raw",
                        [
                            "smolecule0sub0.fastq:md5,6d4a8146663a4b57f296f9a674fd7bb2",
                            "smolecule0sub1.fastq:md5,54ea6cfc58cbc6b49f2c144060681275",
                            "smolecule0sub2.fastq:md5,17f7f812bda8a7923add0c4aa9ed0b66",
                            "smolecule0sub3.fastq:md5,2880ce7e430b18ed05afc104602cf640",
                            "smolecule0sub4.fastq:md5,179834385b9729c0b6448c7ad02688b6",
                            "smolecule0sub5.fastq:md5,bf307457591aa36e23359965f03cf701"
                        ]
                    ]
                ]
            }
        ],
        "meta": {
            "nf-test": "0.8.4",
            "nextflow": "23.10.0"
        },
        "timestamp": "2024-03-07T20:01:59.222491"
    },
    "Should output 24 smolecule files": {
        "content": [
            {
                "0": [
                    [
                        "barcode03",
                        "lpa2645_filtered",
                        [
                            "smolecule0sub0.fastq:md5,ff8f68d34e21d7a94084f3a36ae345aa",
                            "smolecule1sub0.fastq:md5,45a59557cfc0846ead1962b68be110be",
                            "smolecule2sub0.fastq:md5,fdf7a851dd0a2be4c821bb382a643fad",
                            "smolecule3sub0.fastq:md5,bbb6faa5665d74bf22f1754c7b7e6440",
                            "smolecule4sub0.fastq:md5,4556729881cc2c6630e93cadf72eb29e",
                            "smolecule5sub0.fastq:md5,5d23a93d05536aa61e41a7d36fceefad"
                        ]
                    ],
                    [
                        "barcode04",
                        "lpa2645_filtered",
                        [
                            "smolecule0sub0.fastq:md5,6d4a8146663a4b57f296f9a674fd7bb2",
                            "smolecule1sub0.fastq:md5,3bda0fae994d58220c3b5fd6e85a9f45",
                            "smolecule2sub0.fastq:md5,c3b6f3f37443e26363518b34266b3bda",
                            "smolecule3sub0.fastq:md5,cd11f60c4e23b6f9ebbbdf1c0b4f2b4d",
                            "smolecule4sub0.fastq:md5,b8f68a1c6981c12b925c094929381a68",
                            "smolecule5sub0.fastq:md5,757454a84bd7a8a41a36773c6ef99dd1"
                        ]
                    ],
                    [
                        "barcode05",
                        "lpa2645_filtered",
                        [
                            "smolecule0sub0.fastq:md5,ff8f68d34e21d7a94084f3a36ae345aa",
                            "smolecule10sub0.fastq:md5,7b005094dab183ccf525002b791b1877",
                            "smolecule11sub0.fastq:md5,2a9293877129abe7b2eccf0aeb306c60",
                            "smolecule1sub0.fastq:md5,116cfe485ae5d989456f439eede2afea",
                            "smolecule2sub0.fastq:md5,b5599eaa8b4ba61d9852442db7657317",
                            "smolecule3sub0.fastq:md5,ea1310bf6b509c8132dee4f7a3b0f719",
                            "smolecule4sub0.fastq:md5,236d0a458baf3108a32f8f57df85c6db",
                            "smolecule5sub0.fastq:md5,f166e3ac7a9bb1231e14ed168a969b01",
                            "smolecule6sub0.fastq:md5,600370bfebc1850e0ec77ae534678886",
                            "smolecule7sub0.fastq:md5,d718d4a332214ffdd61339a08d22e04d",
                            "smolecule8sub0.fastq:md5,09dd7732f7520229c51918ea02bfee16",
                            "smolecule9sub0.fastq:md5,436e4b503337505e1e8e3881578fe243"
                        ]
                    ]
                ],
                "1": [
                    [
                        "barcode03",
                        "lpa2645_filtered",
                        "split_cluster_stats.tsv:md5,48f54187072a48453f765866bc2defb6"
                    ],
                    [
                        "barcode04",
                        "lpa2645_filtered",
                        "split_cluster_stats.tsv:md5,17f71840371f8733254d8b1d7f7d5ba5"
                    ],
                    [
                        "barcode05",
                        "lpa2645_filtered",
                        "split_cluster_stats.tsv:md5,575c45603b74d9867f7bf3534bfa3c59"
                    ]
                ],
                "2": [
                    [
                        "barcode03",
                        "lpa2645_filtered",
                        [
                            "cluster0_0:md5,42f6543f76bc455c6fdf672506bec901",
                            "cluster1_0:md5,2ee339cd08b7e5427f95be618fc07224",
                            "cluster2_0:md5,3b5bf0296405e9949cc2004c951f1f6f",
                            "cluster3_0:md5,a49290bad5488423afac6202476f42d7",
                            "cluster4_0:md5,3a3e8d0766c1fc0e93f62144e7841acb",
                            "cluster5_0:md5,1c4f55a9cdde39329aba7f25c6455b34"
                        ]
                    ],
                    [
                        "barcode04",
                        "lpa2645_filtered",
                        [
                            "cluster0_0:md5,43434b02020cd2e41e33d92a10835f97",
                            "cluster1_0:md5,ddd4dd5d0918df43c48776d7082e9734",
                            "cluster2_0:md5,4bbd17234dd1ca4fd08baa11432dc8d8",
                            "cluster3_0:md5,ff0974f819897361226e1fc67aeb0656",
                            "cluster4_0:md5,f27185a6dcb557ed5cf56f3538941404",
                            "cluster5_0:md5,d042b1457bc3a906d6d6b24a72e6e980"
                        ]
                    ],
                    [
                        "barcode05",
                        "lpa2645_filtered",
                        [
                            "cluster0_0:md5,42f6543f76bc455c6fdf672506bec901",
                            "cluster10_0:md5,f27185a6dcb557ed5cf56f3538941404",
                            "cluster11_0:md5,d042b1457bc3a906d6d6b24a72e6e980",
                            "cluster1_0:md5,43434b02020cd2e41e33d92a10835f97",
                            "cluster2_0:md5,ddd4dd5d0918df43c48776d7082e9734",
                            "cluster3_0:md5,2ee339cd08b7e5427f95be618fc07224",
                            "cluster4_0:md5,3b5bf0296405e9949cc2004c951f1f6f",
                            "cluster5_0:md5,4bbd17234dd1ca4fd08baa11432dc8d8",
                            "cluster6_0:md5,ff0974f819897361226e1fc67aeb0656",
                            "cluster7_0:md5,a49290bad5488423afac6202476f42d7",
                            "cluster8_0:md5,3a3e8d0766c1fc0e93f62144e7841acb",
                            "cluster9_0:md5,1c4f55a9cdde39329aba7f25c6455b34"
                        ]
                    ]
                ],
                "smolecule_cluster_fastqs": [
                    [
                        "barcode03",
                        "lpa2645_filtered",
                        [
                            "smolecule0sub0.fastq:md5,ff8f68d34e21d7a94084f3a36ae345aa",
                            "smolecule1sub0.fastq:md5,45a59557cfc0846ead1962b68be110be",
                            "smolecule2sub0.fastq:md5,fdf7a851dd0a2be4c821bb382a643fad",
                            "smolecule3sub0.fastq:md5,bbb6faa5665d74bf22f1754c7b7e6440",
                            "smolecule4sub0.fastq:md5,4556729881cc2c6630e93cadf72eb29e",
                            "smolecule5sub0.fastq:md5,5d23a93d05536aa61e41a7d36fceefad"
                        ]
                    ],
                    [
                        "barcode04",
                        "lpa2645_filtered",
                        [
                            "smolecule0sub0.fastq:md5,6d4a8146663a4b57f296f9a674fd7bb2",
                            "smolecule1sub0.fastq:md5,3bda0fae994d58220c3b5fd6e85a9f45",
                            "smolecule2sub0.fastq:md5,c3b6f3f37443e26363518b34266b3bda",
                            "smolecule3sub0.fastq:md5,cd11f60c4e23b6f9ebbbdf1c0b4f2b4d",
                            "smolecule4sub0.fastq:md5,b8f68a1c6981c12b925c094929381a68",
                            "smolecule5sub0.fastq:md5,757454a84bd7a8a41a36773c6ef99dd1"
                        ]
                    ],
                    [
                        "barcode05",
                        "lpa2645_filtered",
                        [
                            "smolecule0sub0.fastq:md5,ff8f68d34e21d7a94084f3a36ae345aa",
                            "smolecule10sub0.fastq:md5,7b005094dab183ccf525002b791b1877",
                            "smolecule11sub0.fastq:md5,2a9293877129abe7b2eccf0aeb306c60",
                            "smolecule1sub0.fastq:md5,116cfe485ae5d989456f439eede2afea",
                            "smolecule2sub0.fastq:md5,b5599eaa8b4ba61d9852442db7657317",
                            "smolecule3sub0.fastq:md5,ea1310bf6b509c8132dee4f7a3b0f719",
                            "smolecule4sub0.fastq:md5,236d0a458baf3108a32f8f57df85c6db",
                            "smolecule5sub0.fastq:md5,f166e3ac7a9bb1231e14ed168a969b01",
                            "smolecule6sub0.fastq:md5,600370bfebc1850e0ec77ae534678886",
                            "smolecule7sub0.fastq:md5,d718d4a332214ffdd61339a08d22e04d",
                            "smolecule8sub0.fastq:md5,09dd7732f7520229c51918ea02bfee16",
                            "smolecule9sub0.fastq:md5,436e4b503337505e1e8e3881578fe243"
                        ]
                    ]
                ]
            }
        ],
        "meta": {
            "nf-test": "0.8.4",
            "nextflow": "23.10.0"
        },
        "timestamp": "2024-03-07T20:01:51.339269"
    },
    "Should run with success": {
        "content": [
            {
                "0": [
                    [
                        "barcode03",
                        "raw",
                        [
                            "smolecule0sub0.fastq:md5,ff8f68d34e21d7a94084f3a36ae345aa",
                            "smolecule1sub0.fastq:md5,45a59557cfc0846ead1962b68be110be",
                            "smolecule2sub0.fastq:md5,fdf7a851dd0a2be4c821bb382a643fad",
                            "smolecule3sub0.fastq:md5,bbb6faa5665d74bf22f1754c7b7e6440",
                            "smolecule4sub0.fastq:md5,4556729881cc2c6630e93cadf72eb29e",
                            "smolecule5sub0.fastq:md5,5d23a93d05536aa61e41a7d36fceefad"
                        ]
                    ],
                    [
                        "barcode04",
                        "raw",
                        [
                            "smolecule0sub0.fastq:md5,6d4a8146663a4b57f296f9a674fd7bb2",
                            "smolecule1sub0.fastq:md5,3bda0fae994d58220c3b5fd6e85a9f45",
                            "smolecule2sub0.fastq:md5,c3b6f3f37443e26363518b34266b3bda",
                            "smolecule3sub0.fastq:md5,cd11f60c4e23b6f9ebbbdf1c0b4f2b4d",
                            "smolecule4sub0.fastq:md5,b8f68a1c6981c12b925c094929381a68",
                            "smolecule5sub0.fastq:md5,757454a84bd7a8a41a36773c6ef99dd1"
                        ]
                    ],
                    [
                        "barcode05",
                        "raw",
                        [
                            "smolecule0sub0.fastq:md5,ff8f68d34e21d7a94084f3a36ae345aa",
                            "smolecule10sub0.fastq:md5,7b005094dab183ccf525002b791b1877",
                            "smolecule11sub0.fastq:md5,2a9293877129abe7b2eccf0aeb306c60",
                            "smolecule1sub0.fastq:md5,116cfe485ae5d989456f439eede2afea",
                            "smolecule2sub0.fastq:md5,b5599eaa8b4ba61d9852442db7657317",
                            "smolecule3sub0.fastq:md5,ea1310bf6b509c8132dee4f7a3b0f719",
                            "smolecule4sub0.fastq:md5,236d0a458baf3108a32f8f57df85c6db",
                            "smolecule5sub0.fastq:md5,f166e3ac7a9bb1231e14ed168a969b01",
                            "smolecule6sub0.fastq:md5,600370bfebc1850e0ec77ae534678886",
                            "smolecule7sub0.fastq:md5,d718d4a332214ffdd61339a08d22e04d",
                            "smolecule8sub0.fastq:md5,09dd7732f7520229c51918ea02bfee16",
                            "smolecule9sub0.fastq:md5,436e4b503337505e1e8e3881578fe243"
                        ]
                    ],
                    [
                        "barcode06",
                        "raw",
                        "smolecule697sub0.fastq:md5,7a2549e398616355ac975faa00a98503"
                    ],
                    [
                        "barcode07",
                        "raw",
                        [
                            "smolecule101sub0.fastq:md5,53d633a3c78c2213f4c040abf1e50a87",
                            "smolecule106sub0.fastq:md5,5cf2aa3a80a1218c1eedaa7822f4308b",
                            "smolecule107sub0.fastq:md5,37f3e8b47bdbe07004ea3f9808fc4f55",
                            "smolecule109sub0.fastq:md5,20a747fa3ada50ae0c301c8175cdd2f3",
                            "smolecule10sub0.fastq:md5,087dbc87b4e8ff6706cbb634875096c7",
                            "smolecule113sub0.fastq:md5,8f6723d4f328102a8c92483e166c6e88",
                            "smolecule116sub0.fastq:md5,d6611334b864973c91dbacf3816dff08",
                            "smolecule116sub1.fastq:md5,d5532589018f840e6658fbc83043d395",
                            "smolecule117sub0.fastq:md5,eafc1b67377f3d80ac066096886acaa7",
                            "smolecule119sub0.fastq:md5,fbeffff7ac658162fb1d634c4efa0127",
                            "smolecule124sub1.fastq:md5,0de0c23f3f675eeddba7d158a8ce4aee",
                            "smolecule129sub1.fastq:md5,b9d6730af704b681a157afaada45bba3",
                            "smolecule12sub2.fastq:md5,100fd5a42c9b757e4486d883852c2323",
                            "smolecule132sub0.fastq:md5,20752a9936da3db0626284b8d89bb9d4",
                            "smolecule133sub0.fastq:md5,4a510d1b6988772ccb19d8e05bbc6e82",
                            "smolecule137sub0.fastq:md5,15a3d07da8127e9007f82049bd528158",
                            "smolecule13sub0.fastq:md5,7688593742d32ae46055ab19e3a42c42",
                            "smolecule141sub0.fastq:md5,5d0b8ddb23469e0678bfd47184619934",
                            "smolecule145sub0.fastq:md5,53005ff8cc69ad11efa398d5b85e83fb",
                            "smolecule149sub0.fastq:md5,c96ac46e5706f89fced1e5bd1d578d7c",
                            "smolecule14sub0.fastq:md5,5963a201915283aadabb409d59495cbb",
                            "smolecule153sub1.fastq:md5,f7c728d86df26436d88a6d78b00565cb",
                            "smolecule155sub1.fastq:md5,db5d3febbe7ba3d8013105c9da94ee8c",
                            "smolecule157sub0.fastq:md5,35e3bd2c750487aee7c0c0226e654d4a",
                            "smolecule162sub0.fastq:md5,b91538438d3d83cd85dae082a187ca4e",
                            "smolecule165sub0.fastq:md5,ccc4ec68f2b1554284342cca14eaa4fd",
                            "smolecule167sub1.fastq:md5,d269103162be602ee451e39e4349adf1",
                            "smolecule170sub0.fastq:md5,569543ee0ff9da6bdcfaf7a07026b62b",
                            "smolecule173sub0.fastq:md5,1a067615dee3171b44655876a243e21d",
                            "smolecule17sub0.fastq:md5,3860aa8e6ca97bcb72e1477259915e3c",
                            "smolecule183sub0.fastq:md5,c46be72d7564755ff05697501378a8eb",
                            "smolecule192sub0.fastq:md5,66da8f5fc54112bff25899c967382e93",
                            "smolecule196sub0.fastq:md5,e990e90e3c86ab49b4876265686801de",
                            "smolecule209sub0.fastq:md5,c10aabb258bbc595a96bb15faf717ef8",
                            "smolecule215sub0.fastq:md5,7b9971493cbaac00d03f23ca9423c357",
                            "smolecule217sub0.fastq:md5,4cd963fe00efafd98ad2bf0d369e79fe",
                            "smolecule220sub0.fastq:md5,3ccd37ffe19bc63e936cce4a659d6946",
                            "smolecule222sub0.fastq:md5,199f648c636cda1ba9a7ad2e76948563",
                            "smolecule225sub0.fastq:md5,0621c3427084e8eeabae8556226ec134",
                            "smolecule243sub0.fastq:md5,23c24d0ef71748955cfc6fd1466fedb1",
                            "smolecule244sub0.fastq:md5,b400e68c289bd45bc9880b6d344a9d6e",
                            "smolecule247sub0.fastq:md5,3f80d9f6f6fb20dffbf6f99789002004",
                            "smolecule249sub0.fastq:md5,84220f48b5eae5d20924a84a0836a455",
                            "smolecule24sub1.fastq:md5,ed8aa90643f7e6ef135c79ee14ad6501",
                            "smolecule263sub0.fastq:md5,00480cdf813437de64645025072c65fb",
                            "smolecule269sub0.fastq:md5,6c5bc33a86d9dd0b701306d9437c330f",
                            "smolecule26sub0.fastq:md5,b76512c6d4698cf4897cef4447d71217",
                            "smolecule27sub0.fastq:md5,92ba884c5dc73111a128106ed0aaaee3",
                            "smolecule313sub0.fastq:md5,45f036e0b0224d4c7deb3385c067c8f8",
                            "smolecule31sub1.fastq:md5,6a0e09438e85591301e08912de60c1ba",
                            "smolecule32sub0.fastq:md5,c942bdc575808b735c2a30b59df8e4af",
                            "smolecule348sub0.fastq:md5,5806fda9db494b13a439d421d929a6b1",
                            "smolecule34sub0.fastq:md5,a86b84d3f91376e56196d8c2019c601b",
                            "smolecule37sub0.fastq:md5,454c8f6e6dc0ff7e8e5002c16953af7d",
                            "smolecule38sub1.fastq:md5,34c88aa67eaad9afde3b176e27e9e139",
                            "smolecule39sub0.fastq:md5,e611a8061853515a1abd23b4df4c0354",
                            "smolecule40sub1.fastq:md5,49ed3b71283333f11274103eea60ea43",
                            "smolecule42sub1.fastq:md5,2a800adb32906a3063d26d68c9fceff9",
                            "smolecule44sub0.fastq:md5,239d2aedf89d9c8a72de5e85f0666d1e",
                            "smolecule45sub1.fastq:md5,2a42eb71d1195b7bb60aedda9d5c3bb4",
                            "smolecule46sub1.fastq:md5,ef7790be34677dfe10296935956720d2",
                            "smolecule497sub1.fastq:md5,637b728f29cf9c4a65d360f2e79a005f",
                            "smolecule49sub0.fastq:md5,d7b2e7165b499003963915306d62a4a7",
                            "smolecule4sub1.fastq:md5,7cc36cd0b5c46fb87ad770a6290c1b84",
                            "smolecule50sub0.fastq:md5,27a84041225340e72e9519c7afb30016",
                            "smolecule51sub0.fastq:md5,318994915532154804a9fd692bafbf69",
                            "smolecule52sub1.fastq:md5,36cbaf7bd66a7a73840fa22c7bbff613",
                            "smolecule53sub0.fastq:md5,d938140fbf204a61e434a8981926eb63",
                            "smolecule54sub1.fastq:md5,2e8d7b52cc9b810f4be7292c5d45292b",
                            "smolecule56sub0.fastq:md5,f2c6757a88efd72057f31650bb71f8c9",
                            "smolecule57sub0.fastq:md5,37508902d27b2832ba8ba7b9e64af1b0",
                            "smolecule5sub1.fastq:md5,37d9d52f9580419fdcb7928e22da3a39",
                            "smolecule60sub0.fastq:md5,e4caa650f5e504d01d9f787df11afc62",
                            "smolecule61sub0.fastq:md5,5cb2632e55a377be6ca078b7309f6543",
                            "smolecule62sub0.fastq:md5,b5641692155b18504387180232507ca7",
                            "smolecule63sub0.fastq:md5,249c1d277312f9bbb16f4a91794ea179",
                            "smolecule67sub0.fastq:md5,99a366f54cadc38375bf8b4773063929",
                            "smolecule6sub2.fastq:md5,e14c6c6b694217c161330b5a71a54808",
                            "smolecule73sub0.fastq:md5,9f96abcfb08b047d27c09a91dc23c686",
                            "smolecule74sub0.fastq:md5,1254d8557537d88cab71890625d7ce8e",
                            "smolecule77sub0.fastq:md5,5901ccc1e2c377c853d76637a6d038ec",
                            "smolecule79sub1.fastq:md5,b2146cb17fe9f2af421188d8467f9c14",
                            "smolecule84sub0.fastq:md5,2729a3a902559e5484e54d2cbe2fb720",
                            "smolecule87sub0.fastq:md5,d003fbf3008ed956f8f33ed5f6c64e86",
                            "smolecule89sub0.fastq:md5,5a0c2ea843ac340ff5f741343ed0be34",
                            "smolecule95sub0.fastq:md5,376220df0e0176437123143d0afb183a",
                            "smolecule98sub0.fastq:md5,01c61820368ae4de6a27311df2485cae",
                            "smolecule9sub0.fastq:md5,c1c0f9b9ea06c8f6639d356b55ab4e75"
                        ]
                    ]
                ],
                "1": [
                    [
                        "barcode03",
                        "raw",
                        "split_cluster_stats.tsv:md5,48f54187072a48453f765866bc2defb6"
                    ],
                    [
                        "barcode04",
                        "raw",
                        "split_cluster_stats.tsv:md5,17f71840371f8733254d8b1d7f7d5ba5"
                    ],
                    [
                        "barcode05",
                        "raw",
                        "split_cluster_stats.tsv:md5,772addda47d5a2e6fd64367e75447818"
                    ],
                    [
                        "barcode06",
                        "raw",
                        "split_cluster_stats.tsv:md5,8272b7802006ff791ab7ee9bca4f6546"
                    ],
                    [
                        "barcode07",
                        "raw",
                        "split_cluster_stats.tsv:md5,5f70a3782e4f172bc61f5c7dd57c0b58"
                    ]
                ],
                "2": [
                    [
                        "barcode03",
                        "raw",
                        [
                            "cluster0_0:md5,42f6543f76bc455c6fdf672506bec901",
                            "cluster1_0:md5,2ee339cd08b7e5427f95be618fc07224",
                            "cluster2_0:md5,3b5bf0296405e9949cc2004c951f1f6f",
                            "cluster3_0:md5,a49290bad5488423afac6202476f42d7",
                            "cluster4_0:md5,3a3e8d0766c1fc0e93f62144e7841acb",
                            "cluster5_0:md5,1c4f55a9cdde39329aba7f25c6455b34"
                        ]
                    ],
                    [
                        "barcode04",
                        "raw",
                        [
                            "cluster0_0:md5,43434b02020cd2e41e33d92a10835f97",
                            "cluster1_0:md5,ddd4dd5d0918df43c48776d7082e9734",
                            "cluster2_0:md5,4bbd17234dd1ca4fd08baa11432dc8d8",
                            "cluster3_0:md5,ff0974f819897361226e1fc67aeb0656",
                            "cluster4_0:md5,f27185a6dcb557ed5cf56f3538941404",
                            "cluster5_0:md5,d042b1457bc3a906d6d6b24a72e6e980"
                        ]
                    ],
                    [
                        "barcode05",
                        "raw",
                        [
                            "cluster0_0:md5,42f6543f76bc455c6fdf672506bec901",
                            "cluster10_0:md5,f27185a6dcb557ed5cf56f3538941404",
                            "cluster11_0:md5,d042b1457bc3a906d6d6b24a72e6e980",
                            "cluster1_0:md5,43434b02020cd2e41e33d92a10835f97",
                            "cluster2_0:md5,ddd4dd5d0918df43c48776d7082e9734",
                            "cluster3_0:md5,2ee339cd08b7e5427f95be618fc07224",
                            "cluster4_0:md5,3b5bf0296405e9949cc2004c951f1f6f",
                            "cluster5_0:md5,4bbd17234dd1ca4fd08baa11432dc8d8",
                            "cluster6_0:md5,ff0974f819897361226e1fc67aeb0656",
                            "cluster7_0:md5,a49290bad5488423afac6202476f42d7",
                            "cluster8_0:md5,3a3e8d0766c1fc0e93f62144e7841acb",
                            "cluster9_0:md5,1c4f55a9cdde39329aba7f25c6455b34"
                        ]
                    ],
                    [
                        "barcode06",
                        "raw",
                        [
                            "cluster1103_0:md5,3cbedf2e78bc1cde78fcd91d62fd1374",
                            "cluster1132_0:md5,3c33ef39cae192a93aa1953fee5fb17d",
                            "cluster1257_0:md5,bd047ada6fb73750c4a33d39cd96a2a4",
                            "cluster146_0:md5,e82d9eac10b7b0916591f010e85ef875",
                            "cluster21_0:md5,ee482cb7f57048f561040d41a3141abf",
                            "cluster262_0:md5,ee93656e1307c25294e9f2c12734275f",
                            "cluster287_0:md5,2bcca867fa570bd17be129b38b770844",
                            "cluster327_0:md5,a0cfaa4e1a209041bedfb493ce034f4b",
                            "cluster372_0:md5,37c2d124eea6e8f9a1fe748cb13866b4",
                            "cluster513_0:md5,3383c6911107fab4bb8be82f54695799",
                            "cluster595_0:md5,6793307859c69c5aa6bb28a777796e90",
                            "cluster621_0:md5,bc8d20ccc2164a08b6bc012ee35e6c4b",
                            "cluster646_0:md5,b340f9cdc93589e3ed41848c09a84d69",
                            "cluster689_0:md5,4a226b52099636228848127c35d666f4",
                            "cluster697_0:md5,aee536a052d2405c7b92cb8267872110",
                            "cluster754_0:md5,2f3661589dc9444557aae67edabc3960",
                            "cluster841_0:md5,e97209a99437ab353840ca5f3be42ce7",
                            "cluster87_0:md5,7c44f5e4510fa32c87bd76d31a7050af",
                            "cluster92_0:md5,8cd21218d149ebc93f88c7257a6f953d",
                            "cluster940_0:md5,581c256143f93cb9209cf95b2cacaa1e",
                            "cluster96_0:md5,cab2318efbff684cbc0d53c72e95d509",
                            "cluster983_0:md5,c4c3c28d6d9d4085d078eb06ae60e1c5"
                        ]
                    ],
                    [
                        "barcode07",
                        "raw",
                        [
                            "cluster101_0:md5,dd3cdb8a680050db65e95ff4e697239b",
                            "cluster106_0:md5,e178ecb5162ff1da2d2da868f9503880",
                            "cluster107_0:md5,6bb9c582eb8ee4a0343a901419e2e4bf",
                            "cluster109_0:md5,ca08af7878b9f599c269bd5e500eb3c1",
                            "cluster10_0:md5,088335b4a04f0dd5589de97190be59cc",
                            "cluster10_1:md5,8099d7a8a5ec2aa36f5468e4168b8ae3",
                            "cluster10_2:md5,5d465715396399254597ae47570c0b66",
                            "cluster10_3:md5,4398ac08ec4f8674e0fb4ae89dd5d853",
                            "cluster10_4:md5,77b0d461033188b98dc614452ce00940",
                            "cluster10_5:md5,714a4f2aa621a880f527ad6587e289a6",
                            "cluster10_6:md5,2e05d5c2a3e506548dd47f5799e79514",
                            "cluster10_7:md5,38ab0466bb6e5580c581ad9609b0cf0a",
                            "cluster111_0:md5,1e1f4e58344a096e96b9961585451292",
                            "cluster113_0:md5,e720802337314f4fe16f41415ea196b7",
                            "cluster116_0:md5,3f3b72ed8fa0d51c49c942e817cd1b67",
                            "cluster116_1:md5,dee958177a76eee392de8b13456fe8cf",
                            "cluster117_0:md5,f3c29a4efc229d7379a40ecce5148b15",
                            "cluster119_0:md5,897e61f5cfd706c9983ac84031c16253",
                            "cluster11_0:md5,b9adfad984fdbd2bac4d08776ecd6585",
                            "cluster124_0:md5,0833a3c58d4f522cb56e4de9a97db3da",
                            "cluster124_1:md5,42d9f0e0ffc1337a30106f68de0d00ab",
                            "cluster127_0:md5,e551b65291d1009bbc9517b7db08b5ca",
                            "cluster129_0:md5,28729f0a341edf7885467c02f0b1b5cd",
                            "cluster129_1:md5,4a2d1f2447a7810417ef0ae04f918bf7",
                            "cluster12_0:md5,24cfbf0b34c1dd07a2d68ade668a3cf8",
                            "cluster12_1:md5,edbef77f2af1e5d4984afa8bb7b584b2",
                            "cluster12_2:md5,90440a87e1a2d88feb424db1d97214d8",
                            "cluster130_0:md5,97b063d6294829ca76dd1e6bc7681aa9",
                            "cluster132_0:md5,a34864fc6c20dc78ffcbaa8f4b365199",
                            "cluster133_0:md5,cb3784223a4ae7fe4b9dc2a10b2d61c9",
                            "cluster137_0:md5,0ea0a9c1625eb698faece4c207b3b3ea",
                            "cluster137_1:md5,79041b86143a918df205a21e62f45d3a",
                            "cluster137_2:md5,c2b7faab76c917d645580862012113a8",
                            "cluster13_0:md5,a6895c129f5731dd6b4db1fc3a679d7d",
                            "cluster13_1:md5,5c920c5d3cd8dc61702eaf4df161f29d",
                            "cluster141_0:md5,f140bc70a7fd09a754fabfdfebb5d1cd",
                            "cluster145_0:md5,1b4a29d9ba9ff15f1ca15941ba99ed5a",
                            "cluster149_0:md5,0df48086bde02ad17f7a775da0383c56",
                            "cluster14_0:md5,a736214b72485aff2a33ff29a995c3df",
                            "cluster153_0:md5,0674d52e8ce30e470855e1bf55b6f83f",
                            "cluster153_1:md5,837754681d2074830f96c334ef6faa62",
                            "cluster155_0:md5,4d26cf51fa1eb87a8cf4c45b517259d8",
                            "cluster155_1:md5,9a71acb03ad3c955eaef24e525c7ae1f",
                            "cluster155_2:md5,3d67e8a166281f015f9552842a48228e",
                            "cluster155_3:md5,642db1d965649509d98dfe367392ff02",
                            "cluster157_0:md5,33d25986b522b9184936e593a28f77a1",
                            "cluster162_0:md5,c53ca221dda0f904a4d69e2849606d6e",
                            "cluster165_0:md5,6ab4b37da872acfd8c8d9e869d13c18b",
                            "cluster167_0:md5,55662b8e42928b038104c21bf2390ee2",
                            "cluster167_1:md5,4cecf50776423616e66415c1b54c44a3",
                            "cluster170_0:md5,2934e404c226902695ff8e570ea16842",
                            "cluster173_0:md5,a9a20028bc225ac997b598e9d344c8ad",
                            "cluster17_0:md5,b32be4bb464571f9f06e7b3d79fade5e",
                            "cluster17_1:md5,ac30f86b7d91f929ddcc1a7c5ffd2352",
                            "cluster17_2:md5,eda2665cc6f9d4cdbcdecb8f282946e2",
                            "cluster182_0:md5,37a0bac45d293d0f4d5a061dad690b58",
                            "cluster183_0:md5,343d60408744c4ffe35f649f54343d4e",
                            "cluster192_0:md5,1efb16348f7e6dc36fe1dca5f3b1291b",
                            "cluster196_0:md5,65924c464281728d2b900d30b78690e3",
                            "cluster209_0:md5,27ccccfc7c12e6d7a4fdd4dd9b292c8a",
                            "cluster211_0:md5,dfd8d62471834d9b94069705b2961b8a",
                            "cluster215_0:md5,982a74e22da8825dbcb19ddb3a6f475a",
                            "cluster217_0:md5,46c5768ebb6948496accc9955a54a0d6",
                            "cluster21_0:md5,1e79c8654a60290fab4b48d4d771eb7a",
                            "cluster220_0:md5,c8ac20519a94ca724216c275ac86820b",
                            "cluster222_0:md5,f1df0de26d547ba61bb5af0f1c3c23f0",
                            "cluster222_1:md5,6e2d5eba919e2f3172af28279ceedf57",
                            "cluster223_0:md5,21bcefe292456be8ae90320393305163",
                            "cluster225_0:md5,a4a5e0235148de2c5fe8bc14540add21",
                            "cluster228_0:md5,da11800bbf67a4efd7343d803750d331",
                            "cluster228_1:md5,f40dde0ae5f97742812b327dffeccc2e",
                            "cluster240_0:md5,bffa88ebcbfd0955ff9c2d4e942099a2",
                            "cluster243_0:md5,2b4cfc9b2ee1f10295f70a2365bb5f8d",
                            "cluster244_0:md5,6364341cafe05beb8ec83aac0bbba110",
                            "cluster247_0:md5,ffc6bd8f0364f586c49ffabf4fe1ff2c",
                            "cluster249_0:md5,1147b2789691b9eb1d5e93547b898f73",
                            "cluster24_0:md5,4baecccfa3ef5211e1890cdf16d52e7b",
                            "cluster24_1:md5,4400ff4e879fecae0768fb585d5b3e4b",
                            "cluster253_0:md5,90f49faa9322d18978cf28d0aaba78f0",
                            "cluster254_0:md5,db48be8de8a3c41d93bc08bb03144267",
                            "cluster259_0:md5,b51ddc87007dd950f589f20ab1e6bb85",
                            "cluster263_0:md5,f9ddbf049ce3385d899a869f28c54436",
                            "cluster269_0:md5,a8d98be386e5dff7244d029c41c3ceb4",
                            "cluster26_0:md5,670ca2c119ea7e5a96aa24c814887650",
                            "cluster27_0:md5,4f5023432f7fc2580d8fd0ec9b4de4b0",
                            "cluster286_0:md5,fbd8d542b9388ff8d5cadaa239b0a3ac",
                            "cluster2_0:md5,577d523b296293c9276e61bfd5030cd0",
                            "cluster313_0:md5,7eb96d9d2708ebc3683ab965d32ceef2",
                            "cluster31_0:md5,2ff4276db609e4bacf840349e1930690",
                            "cluster31_1:md5,e4c09208afd233fa3b913b8d54fe5198",
                            "cluster32_0:md5,c4d308f2bdb8d44367f678b7f97bd77b",
                            "cluster331_0:md5,66239485b78f8eabc8abfae2a9625753",
                            "cluster348_0:md5,b9707e8e5abc1878b8378ff95b0b9633",
                            "cluster34_0:md5,284312c4c7e9b7659e04ca2bd0325481",
                            "cluster34_1:md5,a3a440168d55f525ddcd24afea5ee4be",
                            "cluster37_0:md5,30d6d1d38cd789226fb55ccce40a5b78",
                            "cluster37_1:md5,1fb93379bb0af60026de789a5b43e6f0",
                            "cluster37_2:md5,d8cf87aaad337bc749822c05430f72b8",
                            "cluster386_0:md5,a96364664f3fdbbd491be878696cd4c0",
                            "cluster38_0:md5,53916faf555f6982e55e63dfa5e46b53",
                            "cluster38_1:md5,531bff6dc5bf6008b11cdf59f283565c",
                            "cluster39_0:md5,447278418d76808cbbe89ae096852773",
                            "cluster40_0:md5,c9ba127c590f723cdbfdb1d254b0cf8b",
                            "cluster40_1:md5,f9365313e79900ca32283fc651d86186",
                            "cluster42_0:md5,de129a9d1624d10bc52dc1fddec104dd",
                            "cluster42_1:md5,d4eaf1298d77e3a943a9b6c318e5a540",
                            "cluster44_0:md5,8fcfbf3fa146bda614bcc3e592dbdeb1",
                            "cluster44_1:md5,17640aa890e76a0a5979953886d35121",
                            "cluster44_2:md5,d3d58ea81966dd5b633ca914f5036c0b",
                            "cluster44_3:md5,dac11df9f05710b0ee497f9d3027e74c",
                            "cluster44_4:md5,503fed71178466d8492c95c3d9c59df8",
                            "cluster44_5:md5,29f056cad242ae868f8fa798c2306511",
                            "cluster45_0:md5,6b8db55d4f37b275ac2d35246ab7d1fb",
                            "cluster45_1:md5,fcaff3129388ce9d2d3c7fb4b0592bac",
                            "cluster46_0:md5,0764488265843b5ab753a3b7a809b083",
                            "cluster46_1:md5,74d234e608ac7c0266c6d9aea7c1c658",
                            "cluster47_0:md5,f2fe9e60deceb44c7b50de668558226a",
                            "cluster47_1:md5,15f53469f2a9e3b86cbb5ed593f4d89a",
                            "cluster497_0:md5,2f469180529cca42523105bc422d02ca",
                            "cluster497_1:md5,83f64b01e52efc9ce7c92a3aba065557",
                            "cluster49_0:md5,52b02e3f76af76acbe2b6b07655c8c64",
                            "cluster4_0:md5,f444f55f8973a9d97afb756cca5480c7",
                            "cluster4_1:md5,7c3ca72c438b3061ae1f74dd2a9fc9d5",
                            "cluster50_0:md5,f876cc4b4ed82def65625a4d31939af9",
                            "cluster51_0:md5,96e3565139576aebfffde858cab4cb13",
                            "cluster52_0:md5,71f7a1606263b64a3ce976b7f96f1bd3",
                            "cluster52_1:md5,d7b3831e3787389b1c4017bda15e5fa4",
                            "cluster53_0:md5,7afb2f79087402cc93b1e61ffdba9cfd",
                            "cluster54_0:md5,7f790d03e391d8c665ac6304810e7ce6",
                            "cluster54_1:md5,f371bf957ae886a24f5d19afd540f7ac",
                            "cluster54_2:md5,38eb9a867fa2d784ca85feb1dacdd57e",
                            "cluster56_0:md5,b478e6ad2027d33f17ee5491843e4c50",
                            "cluster57_0:md5,c9b6098239e27cafe216f24d56fb90ae",
                            "cluster5_0:md5,215887190f132a9cae3523cdb97f94c1",
                            "cluster5_1:md5,be55bab478671b11f4c074b4d4357d2f",
                            "cluster60_0:md5,b003f8b6ad3445625b391eb3f0d819fe",
                            "cluster60_1:md5,cf534873a2fdcfe7e462d0f682dd0eb1",
                            "cluster61_0:md5,6ab7473d79b1f6d5dc5ef515fd22076d",
                            "cluster62_0:md5,26421583e2baec19783ae868098c2791",
                            "cluster62_1:md5,eb969de7fa0b83c8e8b1f50e93a3f877",
                            "cluster62_2:md5,d9db019ae5c310fd6436aaca033e38ac",
                            "cluster62_3:md5,22ee9954e95898d7737068fdeb7a964c",
                            "cluster62_4:md5,77a61151c89aeccb00c6ff8f63d018e3",
                            "cluster63_0:md5,6a8b2636d5366fc66f5bd91e71e78ea6",
                            "cluster63_1:md5,719e4f69dae5207021083efa72edeac6",
                            "cluster63_2:md5,702f24a515062580a31935bbbf87da31",
                            "cluster67_0:md5,ab349500c6b2c65604f8ee751487d225",
                            "cluster6_0:md5,cd9779039b34de57de4a30a61b9595be",
                            "cluster6_1:md5,71e8d451d9bf964954b6fa47c107263d",
                            "cluster6_2:md5,acd9ff0d072f83a58da6d8810b8ee13e",
                            "cluster73_0:md5,7e55c1fe9a690224d5afc67aa125ae21",
                            "cluster74_0:md5,0a2d3797327bb7c74c526e2d12be1077",
                            "cluster74_1:md5,f491901b8366594a4e16d63f3053befc",
                            "cluster74_2:md5,7d36779247314543ee3f26fcab8bd665",
                            "cluster74_3:md5,20bbaabbd275b7e8e351426da21a2832",
                            "cluster74_4:md5,2dc84969b96ccf43850d1b04af009799",
                            "cluster74_5:md5,bca910840c9900ab51be00c9f9964fa1",
                            "cluster77_0:md5,b8f56d9eada5f16a09bfeeb84d9907f9",
                            "cluster79_0:md5,976f5a45895d66be6d6ce6ef8a6c8d6b",
                            "cluster79_1:md5,ce59fe7c4132cd83edf47f7cf9cfd9b4",
                            "cluster84_0:md5,524229fa7515787428d4fca6343452ed",
                            "cluster87_0:md5,14894aad77d01143ee6a0b87bb89eb4d",
                            "cluster88_0:md5,23f03c5da5e153901b712e1d00bb2ef4",
                            "cluster88_1:md5,2e496a7283614db7e65059fd26ba0552",
                            "cluster89_0:md5,6b72dde4bf1d11ab714f47940e7020a0",
                            "cluster93_0:md5,17fcf6504cc7dc84d4bfaf1a75a17910",
                            "cluster95_0:md5,f15c73a03bb8569cecbb2c1f608fd645",
                            "cluster98_0:md5,9d4a60a80e2b5f26e9ee5920770b985b",
                            "cluster9_0:md5,2ab4d368fc8013b95306b21c50445db7",
                            "cluster9_1:md5,76f2f34a20baccddfac2ea5605a14cd4",
                            "cluster9_2:md5,f2e427ce009aea1a913246ab4dce4c35",
                            "cluster9_3:md5,3d86f8ecba04823ef6e5d538f2f28e0e"
                        ]
                    ]
                ],
                "smolecule_cluster_fastqs": [
                    [
                        "barcode03",
                        "raw",
                        [
                            "smolecule0sub0.fastq:md5,ff8f68d34e21d7a94084f3a36ae345aa",
                            "smolecule1sub0.fastq:md5,45a59557cfc0846ead1962b68be110be",
                            "smolecule2sub0.fastq:md5,fdf7a851dd0a2be4c821bb382a643fad",
                            "smolecule3sub0.fastq:md5,bbb6faa5665d74bf22f1754c7b7e6440",
                            "smolecule4sub0.fastq:md5,4556729881cc2c6630e93cadf72eb29e",
                            "smolecule5sub0.fastq:md5,5d23a93d05536aa61e41a7d36fceefad"
                        ]
                    ],
                    [
                        "barcode04",
                        "raw",
                        [
                            "smolecule0sub0.fastq:md5,6d4a8146663a4b57f296f9a674fd7bb2",
                            "smolecule1sub0.fastq:md5,3bda0fae994d58220c3b5fd6e85a9f45",
                            "smolecule2sub0.fastq:md5,c3b6f3f37443e26363518b34266b3bda",
                            "smolecule3sub0.fastq:md5,cd11f60c4e23b6f9ebbbdf1c0b4f2b4d",
                            "smolecule4sub0.fastq:md5,b8f68a1c6981c12b925c094929381a68",
                            "smolecule5sub0.fastq:md5,757454a84bd7a8a41a36773c6ef99dd1"
                        ]
                    ],
                    [
                        "barcode05",
                        "raw",
                        [
                            "smolecule0sub0.fastq:md5,ff8f68d34e21d7a94084f3a36ae345aa",
                            "smolecule10sub0.fastq:md5,7b005094dab183ccf525002b791b1877",
                            "smolecule11sub0.fastq:md5,2a9293877129abe7b2eccf0aeb306c60",
                            "smolecule1sub0.fastq:md5,116cfe485ae5d989456f439eede2afea",
                            "smolecule2sub0.fastq:md5,b5599eaa8b4ba61d9852442db7657317",
                            "smolecule3sub0.fastq:md5,ea1310bf6b509c8132dee4f7a3b0f719",
                            "smolecule4sub0.fastq:md5,236d0a458baf3108a32f8f57df85c6db",
                            "smolecule5sub0.fastq:md5,f166e3ac7a9bb1231e14ed168a969b01",
                            "smolecule6sub0.fastq:md5,600370bfebc1850e0ec77ae534678886",
                            "smolecule7sub0.fastq:md5,d718d4a332214ffdd61339a08d22e04d",
                            "smolecule8sub0.fastq:md5,09dd7732f7520229c51918ea02bfee16",
                            "smolecule9sub0.fastq:md5,436e4b503337505e1e8e3881578fe243"
                        ]
                    ],
                    [
                        "barcode06",
                        "raw",
                        "smolecule697sub0.fastq:md5,7a2549e398616355ac975faa00a98503"
                    ],
                    [
                        "barcode07",
                        "raw",
                        [
                            "smolecule101sub0.fastq:md5,53d633a3c78c2213f4c040abf1e50a87",
                            "smolecule106sub0.fastq:md5,5cf2aa3a80a1218c1eedaa7822f4308b",
                            "smolecule107sub0.fastq:md5,37f3e8b47bdbe07004ea3f9808fc4f55",
                            "smolecule109sub0.fastq:md5,20a747fa3ada50ae0c301c8175cdd2f3",
                            "smolecule10sub0.fastq:md5,087dbc87b4e8ff6706cbb634875096c7",
                            "smolecule113sub0.fastq:md5,8f6723d4f328102a8c92483e166c6e88",
                            "smolecule116sub0.fastq:md5,d6611334b864973c91dbacf3816dff08",
                            "smolecule116sub1.fastq:md5,d5532589018f840e6658fbc83043d395",
                            "smolecule117sub0.fastq:md5,eafc1b67377f3d80ac066096886acaa7",
                            "smolecule119sub0.fastq:md5,fbeffff7ac658162fb1d634c4efa0127",
                            "smolecule124sub1.fastq:md5,0de0c23f3f675eeddba7d158a8ce4aee",
                            "smolecule129sub1.fastq:md5,b9d6730af704b681a157afaada45bba3",
                            "smolecule12sub2.fastq:md5,100fd5a42c9b757e4486d883852c2323",
                            "smolecule132sub0.fastq:md5,20752a9936da3db0626284b8d89bb9d4",
                            "smolecule133sub0.fastq:md5,4a510d1b6988772ccb19d8e05bbc6e82",
                            "smolecule137sub0.fastq:md5,15a3d07da8127e9007f82049bd528158",
                            "smolecule13sub0.fastq:md5,7688593742d32ae46055ab19e3a42c42",
                            "smolecule141sub0.fastq:md5,5d0b8ddb23469e0678bfd47184619934",
                            "smolecule145sub0.fastq:md5,53005ff8cc69ad11efa398d5b85e83fb",
                            "smolecule149sub0.fastq:md5,c96ac46e5706f89fced1e5bd1d578d7c",
                            "smolecule14sub0.fastq:md5,5963a201915283aadabb409d59495cbb",
                            "smolecule153sub1.fastq:md5,f7c728d86df26436d88a6d78b00565cb",
                            "smolecule155sub1.fastq:md5,db5d3febbe7ba3d8013105c9da94ee8c",
                            "smolecule157sub0.fastq:md5,35e3bd2c750487aee7c0c0226e654d4a",
                            "smolecule162sub0.fastq:md5,b91538438d3d83cd85dae082a187ca4e",
                            "smolecule165sub0.fastq:md5,ccc4ec68f2b1554284342cca14eaa4fd",
                            "smolecule167sub1.fastq:md5,d269103162be602ee451e39e4349adf1",
                            "smolecule170sub0.fastq:md5,569543ee0ff9da6bdcfaf7a07026b62b",
                            "smolecule173sub0.fastq:md5,1a067615dee3171b44655876a243e21d",
                            "smolecule17sub0.fastq:md5,3860aa8e6ca97bcb72e1477259915e3c",
                            "smolecule183sub0.fastq:md5,c46be72d7564755ff05697501378a8eb",
                            "smolecule192sub0.fastq:md5,66da8f5fc54112bff25899c967382e93",
                            "smolecule196sub0.fastq:md5,e990e90e3c86ab49b4876265686801de",
                            "smolecule209sub0.fastq:md5,c10aabb258bbc595a96bb15faf717ef8",
                            "smolecule215sub0.fastq:md5,7b9971493cbaac00d03f23ca9423c357",
                            "smolecule217sub0.fastq:md5,4cd963fe00efafd98ad2bf0d369e79fe",
                            "smolecule220sub0.fastq:md5,3ccd37ffe19bc63e936cce4a659d6946",
                            "smolecule222sub0.fastq:md5,199f648c636cda1ba9a7ad2e76948563",
                            "smolecule225sub0.fastq:md5,0621c3427084e8eeabae8556226ec134",
                            "smolecule243sub0.fastq:md5,23c24d0ef71748955cfc6fd1466fedb1",
                            "smolecule244sub0.fastq:md5,b400e68c289bd45bc9880b6d344a9d6e",
                            "smolecule247sub0.fastq:md5,3f80d9f6f6fb20dffbf6f99789002004",
                            "smolecule249sub0.fastq:md5,84220f48b5eae5d20924a84a0836a455",
                            "smolecule24sub1.fastq:md5,ed8aa90643f7e6ef135c79ee14ad6501",
                            "smolecule263sub0.fastq:md5,00480cdf813437de64645025072c65fb",
                            "smolecule269sub0.fastq:md5,6c5bc33a86d9dd0b701306d9437c330f",
                            "smolecule26sub0.fastq:md5,b76512c6d4698cf4897cef4447d71217",
                            "smolecule27sub0.fastq:md5,92ba884c5dc73111a128106ed0aaaee3",
                            "smolecule313sub0.fastq:md5,45f036e0b0224d4c7deb3385c067c8f8",
                            "smolecule31sub1.fastq:md5,6a0e09438e85591301e08912de60c1ba",
                            "smolecule32sub0.fastq:md5,c942bdc575808b735c2a30b59df8e4af",
                            "smolecule348sub0.fastq:md5,5806fda9db494b13a439d421d929a6b1",
                            "smolecule34sub0.fastq:md5,a86b84d3f91376e56196d8c2019c601b",
                            "smolecule37sub0.fastq:md5,454c8f6e6dc0ff7e8e5002c16953af7d",
                            "smolecule38sub1.fastq:md5,34c88aa67eaad9afde3b176e27e9e139",
                            "smolecule39sub0.fastq:md5,e611a8061853515a1abd23b4df4c0354",
                            "smolecule40sub1.fastq:md5,49ed3b71283333f11274103eea60ea43",
                            "smolecule42sub1.fastq:md5,2a800adb32906a3063d26d68c9fceff9",
                            "smolecule44sub0.fastq:md5,239d2aedf89d9c8a72de5e85f0666d1e",
                            "smolecule45sub1.fastq:md5,2a42eb71d1195b7bb60aedda9d5c3bb4",
                            "smolecule46sub1.fastq:md5,ef7790be34677dfe10296935956720d2",
                            "smolecule497sub1.fastq:md5,637b728f29cf9c4a65d360f2e79a005f",
                            "smolecule49sub0.fastq:md5,d7b2e7165b499003963915306d62a4a7",
                            "smolecule4sub1.fastq:md5,7cc36cd0b5c46fb87ad770a6290c1b84",
                            "smolecule50sub0.fastq:md5,27a84041225340e72e9519c7afb30016",
                            "smolecule51sub0.fastq:md5,318994915532154804a9fd692bafbf69",
                            "smolecule52sub1.fastq:md5,36cbaf7bd66a7a73840fa22c7bbff613",
                            "smolecule53sub0.fastq:md5,d938140fbf204a61e434a8981926eb63",
                            "smolecule54sub1.fastq:md5,2e8d7b52cc9b810f4be7292c5d45292b",
                            "smolecule56sub0.fastq:md5,f2c6757a88efd72057f31650bb71f8c9",
                            "smolecule57sub0.fastq:md5,37508902d27b2832ba8ba7b9e64af1b0",
                            "smolecule5sub1.fastq:md5,37d9d52f9580419fdcb7928e22da3a39",
                            "smolecule60sub0.fastq:md5,e4caa650f5e504d01d9f787df11afc62",
                            "smolecule61sub0.fastq:md5,5cb2632e55a377be6ca078b7309f6543",
                            "smolecule62sub0.fastq:md5,b5641692155b18504387180232507ca7",
                            "smolecule63sub0.fastq:md5,249c1d277312f9bbb16f4a91794ea179",
                            "smolecule67sub0.fastq:md5,99a366f54cadc38375bf8b4773063929",
                            "smolecule6sub2.fastq:md5,e14c6c6b694217c161330b5a71a54808",
                            "smolecule73sub0.fastq:md5,9f96abcfb08b047d27c09a91dc23c686",
                            "smolecule74sub0.fastq:md5,1254d8557537d88cab71890625d7ce8e",
                            "smolecule77sub0.fastq:md5,5901ccc1e2c377c853d76637a6d038ec",
                            "smolecule79sub1.fastq:md5,b2146cb17fe9f2af421188d8467f9c14",
                            "smolecule84sub0.fastq:md5,2729a3a902559e5484e54d2cbe2fb720",
                            "smolecule87sub0.fastq:md5,d003fbf3008ed956f8f33ed5f6c64e86",
                            "smolecule89sub0.fastq:md5,5a0c2ea843ac340ff5f741343ed0be34",
                            "smolecule95sub0.fastq:md5,376220df0e0176437123143d0afb183a",
                            "smolecule98sub0.fastq:md5,01c61820368ae4de6a27311df2485cae",
                            "smolecule9sub0.fastq:md5,c1c0f9b9ea06c8f6639d356b55ab4e75"
                        ]
                    ]
                ]
            }
        ],
        "meta": {
            "nf-test": "0.8.4",
            "nextflow": "23.10.0"
        },
        "timestamp": "2024-03-15T14:03:42.025543"
    }
}